Component: ARM Compiler 5.06 update 6 (build 750) Tool: armlink [4d35ed]

==============================================================================

Section Cross References

    main.o(.text) refers to drv_bsp.o(.text) for All_Init
    main.o(.text) refers to ano_scheduler.o(.text) for Scheduler_Setup
    ano_scheduler.o(.text) refers to user_tj.o(.text) for UserTask_TJ
    ano_scheduler.o(.text) refers to user_task.o(.text) for UserTask_OneKeyCmd
    ano_scheduler.o(.text) refers to drv_sys.o(.text) for GetSysRunTimeMs
    ano_scheduler.o(.text) refers to ano_scheduler.o(.data) for sched_tasks
    ano_scheduler.o(.data) refers to ano_scheduler.o(.text) for Loop_1000Hz
    user_task.o(.text) refers to lx_fc_fun.o(.text) for OneKey_Takeoff
    user_task.o(.text) refers to drv_bsp.o(.bss) for rc_in
    user_task.o(.text) refers to user_task.o(.data) for one_key_takeoff_f
    ano_dt_lx.o(.text) refers to drv_uart.o(.text) for DrvUart5SendBuf
    ano_dt_lx.o(.text) refers to ano_dt_lx.o(.bss) for dt
    ano_dt_lx.o(.text) refers to ano_lx.o(.bss) for pwm_to_esc
    ano_dt_lx.o(.text) refers to drv_led.o(.data) for led
    ano_dt_lx.o(.text) refers to lx_fc_state.o(.bss) for fc_sta
    ano_dt_lx.o(.text) refers to ano_dt_lx.o(.data) for rxstate
    ano_dt_lx.o(.text) refers to ano_lx.o(.data) for fc_bat
    ano_dt_lx.o(.text) refers to lx_fc_ext_sensor.o(.bss) for ext_sens
    ano_dt_lx.o(.text) refers to drv_bsp.o(.bss) for rc_in
    ano_lx.o(.text) refers to lx_fc_fun.o(.text) for LX_Change_Mode
    ano_lx.o(.text) refers to ano_math.o(.text) for my_deadzone
    ano_lx.o(.text) refers to drv_pwmout.o(.text) for DrvMotorPWMSet
    ano_lx.o(.text) refers to drv_adc.o(.text) for Drv_AdcGetBatVot
    ano_lx.o(.text) refers to drv_bsp.o(.bss) for rc_in
    ano_lx.o(.text) refers to ano_lx.o(.data) for mod_f
    ano_lx.o(.text) refers to lx_fc_state.o(.data) for sti_fun
    ano_lx.o(.text) refers to ano_lx.o(.bss) for rt_tar
    ano_lx.o(.text) refers to ano_dt_lx.o(.bss) for dt
    ano_lx.o(.text) refers to lx_fc_state.o(.bss) for fc_sta
    ano_lx.o(.text) refers to drv_bsp.o(.text) for DrvRcInputTask
    ano_lx.o(.text) refers to lx_fc_state.o(.text) for LX_FC_State_Task
    ano_lx.o(.text) refers to drv_anoof.o(.text) for AnoOF_Check_State
    ano_lx.o(.text) refers to drv_uart.o(.text) for DrvUartDataCheck
    ano_lx.o(.text) refers to drv_ubloxgps.o(.text) for GPS_Data_Prepare_Task
    ano_lx.o(.text) refers to lx_fc_ext_sensor.o(.text) for LX_FC_EXT_Sensor_Task
    ano_lx.o(.text) refers to ano_dt_lx.o(.text) for ANO_LX_Data_Exchange_Task
    ano_lx.o(.text) refers to drv_led.o(.text) for LED_1ms_DRV
    lx_fc_ext_sensor.o(.text) refers to drv_anoof.o(.bss) for ano_of
    lx_fc_ext_sensor.o(.text) refers to lx_fc_ext_sensor.o(.data) for of_alt_update_cnt
    lx_fc_ext_sensor.o(.text) refers to lx_fc_ext_sensor.o(.bss) for ext_sens
    lx_fc_ext_sensor.o(.text) refers to ano_dt_lx.o(.bss) for dt
    lx_fc_fun.o(.text) refers to ano_dt_lx.o(.text) for CMD_Send
    lx_fc_fun.o(.text) refers to lx_fc_state.o(.bss) for fc_sta
    lx_fc_fun.o(.text) refers to ano_dt_lx.o(.bss) for dt
    lx_fc_fun.o(.text) refers to lx_fc_fun.o(.data) for old_mode
    lx_fc_state.o(.text) refers to lx_fc_fun.o(.text) for FC_Unlock
    lx_fc_state.o(.text) refers to drv_bsp.o(.bss) for rc_in
    lx_fc_state.o(.text) refers to lx_fc_state.o(.data) for sti_fun
    lx_fc_state.o(.text) refers to lx_fc_state.o(.bss) for fc_sta
    user_tj.o(.text) refers to stm32f4xx_tim.o(.text) for TIM_SetCompare4
    user_tj.o(.text) refers to drv_bsp.o(.bss) for rc_in
    drv_bsp.o(.text) refers to drv_rcin.o(.text) for DrvRcPpmInit
    drv_bsp.o(.text) refers to drv_sys.o(.text) for DrvSysInit
    drv_bsp.o(.text) refers to drv_led.o(.text) for DvrLedInit
    drv_bsp.o(.text) refers to drv_pwmout.o(.text) for DrvPwmOutInit
    drv_bsp.o(.text) refers to drv_uart.o(.text) for DrvUart2Init
    drv_bsp.o(.text) refers to drv_adc.o(.text) for DrvAdcInit
    drv_bsp.o(.text) refers to ano_dt_lx.o(.text) for ANO_DT_Init
    drv_bsp.o(.text) refers to drv_ubloxgps.o(.text) for Init_GPS
    drv_bsp.o(.text) refers to drv_timer.o(.text) for DrvTimerFcInit
    drv_bsp.o(.text) refers to drv_bsp.o(.bss) for rc_in
    drv_bsp.o(.text) refers to drv_bsp.o(.data) for ch_sta
    ano_math.o(.text) refers to cdcmple.o(.text) for __aeabi_cdcmple
    ano_math.o(.text) refers to dmul.o(.text) for __aeabi_dmul
    ano_math.o(.text) refers to dadd.o(.text) for __aeabi_dadd
    ano_math.o(.text) refers to cdrcmple.o(.text) for __aeabi_cdrcmple
    ano_math.o(.text) refers to dflti.o(.text) for __aeabi_i2d
    ano_math.o(.text) refers to d2f.o(.text) for __aeabi_d2f
    ano_math.o(.text) refers to ano_math.o(.constdata) for fast_atan_table
    drv_anoof.o(.text) refers to drv_anoof.o(.bss) for check_time_ms
    drv_anoof.o(.text) refers to drv_anoof.o(.data) for rxstate
[...]
    ..\DriversMcu\STM32F407\Libraries\STM32F4xx_StdPeriph_Driver\src\stm32f4xx_usart.c 0x00000000   Number         0  stm32f4xx_usart.o ABSOLUTE
    ..\FcSrc\ANO_DT_LX.c                     0x00000000   Number         0  ano_dt_lx.o ABSOLUTE
    ..\FcSrc\ANO_LX.c                        0x00000000   Number         0  ano_lx.o ABSOLUTE
    ..\FcSrc\Ano_Scheduler.c                 0x00000000   Number         0  ano_scheduler.o ABSOLUTE
    ..\FcSrc\LX_FC_EXT_Sensor.c              0x00000000   Number         0  lx_fc_ext_sensor.o ABSOLUTE
    ..\FcSrc\LX_FC_Fun.c                     0x00000000   Number         0  lx_fc_fun.o ABSOLUTE
    ..\FcSrc\LX_FC_State.c                   0x00000000   Number         0  lx_fc_state.o ABSOLUTE
    ..\FcSrc\User_TJ.c                       0x00000000   Number         0  user_tj.o ABSOLUTE
    ..\FcSrc\User_Task.c                     0x00000000   Number         0  user_task.o ABSOLUTE
    ..\FcSrc\main.c                          0x00000000   Number         0  main.o ABSOLUTE
    ..\\DriversBsp\\Ano_Math.c               0x00000000   Number         0  ano_math.o ABSOLUTE
    ..\\DriversBsp\\Drv_AnoOf.c              0x00000000   Number         0  drv_anoof.o ABSOLUTE
    ..\\DriversBsp\\Drv_BSP.c                0x00000000   Number         0  drv_bsp.o ABSOLUTE
    ..\\DriversBsp\\Drv_UbloxGPS.c           0x00000000   Number         0  drv_ubloxgps.o ABSOLUTE
    ..\\DriversMcu\\STM32F407\\Drivers\\Drv_PwmOut.c 0x00000000   Number         0  drv_pwmout.o ABSOLUTE
    ..\\DriversMcu\\STM32F407\\Drivers\\Drv_RcIn.c 0x00000000   Number         0  drv_rcin.o ABSOLUTE
    ..\\DriversMcu\\STM32F407\\Drivers\\Drv_Sys.c 0x00000000   Number         0  drv_sys.o ABSOLUTE
    ..\\DriversMcu\\STM32F407\\Drivers\\Drv_Timer.c 0x00000000   Number         0  drv_timer.o ABSOLUTE
    ..\\DriversMcu\\STM32F407\\Drivers\\Drv_Uart.c 0x00000000   Number         0  drv_uart.o ABSOLUTE
    ..\\DriversMcu\\STM32F407\\Drivers\\Drv_adc.c 0x00000000   Number         0  drv_adc.o ABSOLUTE
    ..\\DriversMcu\\STM32F407\\Drivers\\Drv_led.c 0x00000000   Number         0  drv_led.o ABSOLUTE
    ..\\DriversMcu\\STM32F407\\Drivers\\stm32f4xx_it.c 0x00000000   Number         0  stm32f4xx_it.o ABSOLUTE
    ..\\DriversMcu\\STM32F407\\Libraries\\CMSIS\\ST\\STM32F4xx\\Source\\Templates\\system_stm32f4xx.c 0x00000000   Number         0  system_stm32f4xx.o ABSOLUTE
    ..\\DriversMcu\\STM32F407\\Libraries\\STM32F4xx_StdPeriph_Driver\\src\\misc.c 0x00000000   Number         0  misc.o ABSOLUTE
    ..\\DriversMcu\\STM32F407\\Libraries\\STM32F4xx_StdPeriph_Driver\\src\\stm32f4xx_adc.c 0x00000000   Number         0  stm32f4xx_adc.o ABSOLUTE
    ..\\DriversMcu\\STM32F407\\Libraries\\STM32F4xx_StdPeriph_Driver\\src\\stm32f4xx_dma.c 0x00000000   Number         0  stm32f4xx_dma.o ABSOLUTE
    ..\\DriversMcu\\STM32F407\\Libraries\\STM32F4xx_StdPeriph_Driver\\src\\stm32f4xx_exti.c 0x00000000   Number         0  stm32f4xx_exti.o ABSOLUTE
    ..\\DriversMcu\\STM32F407\\Libraries\\STM32F4xx_StdPeriph_Driver\\src\\stm32f4xx_flash.c 0x00000000   Number         0  stm32f4xx_flash.o ABSOLUTE
    ..\\DriversMcu\\STM32F407\\Libraries\\STM32F4xx_StdPeriph_Driver\\src\\stm32f4xx_gpio.c 0x00000000   Number         0  stm32f4xx_gpio.o ABSOLUTE
    ..\\DriversMcu\\STM32F407\\Libraries\\STM32F4xx_StdPeriph_Driver\\src\\stm32f4xx_rcc.c 0x00000000   Number         0  stm32f4xx_rcc.o ABSOLUTE
    ..\\DriversMcu\\STM32F407\\Libraries\\STM32F4xx_StdPeriph_Driver\\src\\stm32f4xx_spi.c 0x00000000   Number         0  stm32f4xx_spi.o ABSOLUTE
    ..\\DriversMcu\\STM32F407\\Libraries\\STM32F4xx_StdPeriph_Driver\\src\\stm32f4xx_tim.c 0x00000000   Number         0  stm32f4xx_tim.o ABSOLUTE
    ..\\DriversMcu\\STM32F407\\Libraries\\STM32F4xx_StdPeriph_Driver\\src\\stm32f4xx_usart.c 0x00000000   Number         0  stm32f4xx_usart.o ABSOLUTE
    ..\\FcSrc\\ANO_DT_LX.c                   0x00000000   Number         0  ano_dt_lx.o ABSOLUTE
    ..\\FcSrc\\ANO_LX.c                      0x00000000   Number         0  ano_lx.o ABSOLUTE
    ..\\FcSrc\\Ano_Scheduler.c               0x00000000   Number         0  ano_scheduler.o ABSOLUTE
    ..\\FcSrc\\LX_FC_EXT_Sensor.c            0x00000000   Number         0  lx_fc_ext_sensor.o ABSOLUTE
    ..\\FcSrc\\LX_FC_Fun.c                   0x00000000   Number         0  lx_fc_fun.o ABSOLUTE
    ..\\FcSrc\\LX_FC_State.c                 0x00000000   Number         0  lx_fc_state.o ABSOLUTE
    ..\\FcSrc\\User_TJ.c                     0x00000000   Number         0  user_tj.o ABSOLUTE
    ..\\FcSrc\\User_Task.c                   0x00000000   Number         0  user_task.o ABSOLUTE
    ..\\FcSrc\\main.c                        0x00000000   Number         0  main.o ABSOLUTE
    cdcmple.s                                0x00000000   Number         0  cdcmple.o ABSOLUTE
    cdrcmple.s                               0x00000000   Number         0  cdrcmple.o ABSOLUTE
    dc.s                                     0x00000000   Number         0  dc.o ABSOLUTE
    handlers.s                               0x00000000   Number         0  handlers.o ABSOLUTE
    init.s                                   0x00000000   Number         0  init.o ABSOLUTE
    RESET                                    0x08000000   Section      392  startup_stm32f4xx.o(RESET)
    .ARM.Collect$$$$00000000                 0x08000188   Section        0  entry.o(.ARM.Collect$$$$00000000)
    .ARM.Collect$$$$00000001                 0x08000188   Section        4  entry2.o(.ARM.Collect$$$$00000001)
    .ARM.Collect$$$$00000004                 0x0800018c   Section        4  entry5.o(.ARM.Collect$$$$00000004)
    .ARM.Collect$$$$00000008                 0x08000190   Section        0  entry7b.o(.ARM.Collect$$$$00000008)
    .ARM.Collect$$$$0000000A                 0x08000190   Section        0  entry8b.o(.ARM.Collect$$$$0000000A)
    .ARM.Collect$$$$0000000B                 0x08000190   Section        8  entry9a.o(.ARM.Collect$$$$0000000B)
    .ARM.Collect$$$$0000000D                 0x08000198   Section        0  entry10a.o(.ARM.Collect$$$$0000000D)
    .ARM.Collect$$$$0000000F                 0x08000198   Section        0  entry11a.o(.ARM.Collect$$$$0000000F)
    .ARM.Collect$$$$00002712                 0x08000198   Section        4  entry2.o(.ARM.Collect$$$$00002712)
    __lit__00000000                          0x08000198   Data           4  entry2.o(.ARM.Collect$$$$00002712)
    .text                                    0x0800019c   Section        0  main.o(.text)
    .text                                    0x080001b0   Section        0  ano_scheduler.o(.text)
    Loop_1000Hz                              0x080001b1   Thumb Code     2  ano_scheduler.o(.text)
    Loop_500Hz                               0x080001b3   Thumb Code     8  ano_scheduler.o(.text)
    Loop_200Hz                               0x080001bb   Thumb Code     2  ano_scheduler.o(.text)
    Loop_100Hz                               0x080001bd   Thumb Code     2  ano_scheduler.o(.text)
    Loop_50Hz                                0x080001bf   Thumb Code     8  ano_scheduler.o(.text)
    Loop_20Hz                                0x080001c7   Thumb Code     2  ano_scheduler.o(.text)
    Loop_2Hz                                 0x080001c9   Thumb Code     2  ano_scheduler.o(.text)
    .text                                    0x08000268   Section        0  user_task.o(.text)
    .text                                    0x08000474   Section        0  ano_dt_lx.o(.text)
    ANO_DT_LX_Send_Data                      0x0800051b   Thumb Code    16  ano_dt_lx.o(.text)
    ANO_DT_LX_Data_Receive_Anl               0x08000545   Thumb Code   402  ano_dt_lx.o(.text)
    Add_Send_Data                            0x080007d9   Thumb Code   434  ano_dt_lx.o(.text)
    Frame_Send                               0x0800098b   Thumb Code   190  ano_dt_lx.o(.text)
    Check_To_Send                            0x08000a49   Thumb Code   138  ano_dt_lx.o(.text)
    CK_Back_Check                            0x08000b2d   Thumb Code    90  ano_dt_lx.o(.text)
    .text                                    0x08000ba8   Section        0  ano_lx.o(.text)
    RC_Data_Task                             0x08000ba9   Thumb Code   612  ano_lx.o(.text)
    ESC_Output                               0x08000e0d   Thumb Code   364  ano_lx.o(.text)
    Bat_Voltage_Data_Handle                  0x08000f79   Thumb Code   120  ano_lx.o(.text)
    .text                                    0x0800108c   Section        0  lx_fc_ext_sensor.o(.text)
    General_Velocity_Data_Handle             0x080010db   Thumb Code   120  lx_fc_ext_sensor.o(.text)
    .text                                    0x08001170   Section        0  lx_fc_fun.o(.text)
    .text                                    0x0800140c   Section        0  lx_fc_state.o(.text)
    LX_Unlock_Lock_Check                     0x0800140d   Thumb Code   438  lx_fc_state.o(.text)
    .text                                    0x08001690   Section        0  user_tj.o(.text)
    .text                                    0x080016d0   Section        0  drv_bsp.o(.text)
    rcSignalCheck                            0x080019cb   Thumb Code   168  drv_bsp.o(.text)
    .text                                    0x08001b9c   Section        0  ano_math.o(.text)
    .text                                    0x08002418   Section        0  drv_anoof.o(.text)
    AnoOF_DataAnl                            0x080024cd   Thumb Code   364  drv_anoof.o(.text)
    .text                                    0x08002758   Section        0  drv_ubloxgps.o(.text)
    .text                                    0x08002b00   Section        0  stm32f4xx_it.o(.text)
    .text                                    0x08002b7c   Section        0  drv_sys.o(.text)
    .text                                    0x08002c84   Section        0  drv_adc.o(.text)
    initAdcDMA                               0x08002c85   Thumb Code   108  drv_adc.o(.text)
    .text                                    0x08002e18   Section        0  drv_led.o(.text)
    .text                                    0x08002f34   Section        0  drv_pwmout.o(.text)
    .text                                    0x080032b4   Section        0  drv_rcin.o(.text)
    .text                                    0x08003498   Section        0  drv_timer.o(.text)
    .text                                    0x08003524   Section        0  drv_uart.o(.text)
    .text                                    0x08003f88   Section       36  startup_stm32f4xx.o(.text)
    $v0                                      0x08003f88   Number         0  startup_stm32f4xx.o(.text)
    .text                                    0x08003fac   Section        0  system_stm32f4xx.o(.text)
    SetSysClock                              0x08003fad   Thumb Code   220  system_stm32f4xx.o(.text)
    .text                                    0x080041bc   Section        0  misc.o(.text)
    .text                                    0x0800437c   Section        0  stm32f4xx_adc.o(.text)
    .text                                    0x08005358   Section        0  stm32f4xx_dma.o(.text)
    .text                                    0x080066c0   Section        0  stm32f4xx_exti.o(.text)
    .text                                    0x08006994   Section        0  stm32f4xx_gpio.o(.text)
    .text                                    0x0800725c   Section        0  stm32f4xx_rcc.o(.text)
    .text                                    0x08007f58   Section        0  stm32f4xx_tim.o(.text)
    TI4_Config                               0x08009bd1   Thumb Code    80  stm32f4xx_tim.o(.text)
    TI3_Config                               0x08009cb5   Thumb Code    72  stm32f4xx_tim.o(.text)
    TI2_Config                               0x08009d73   Thumb Code    80  stm32f4xx_tim.o(.text)
    TI1_Config                               0x08009e49   Thumb Code    58  stm32f4xx_tim.o(.text)
    .text                                    0x0800b144   Section        0  stm32f4xx_usart.o(.text)
    .text                                    0x0800bf68   Section        0  dadd.o(.text)
    .text                                    0x0800c0b6   Section        0  dmul.o(.text)
    .text                                    0x0800c19a   Section        0  dflti.o(.text)
    .text                                    0x0800c1bc   Section       48  cdcmple.o(.text)
    .text                                    0x0800c1ec   Section       48  cdrcmple.o(.text)
    .text                                    0x0800c21c   Section        0  d2f.o(.text)
    .text                                    0x0800c254   Section        0  llshl.o(.text)
    .text                                    0x0800c272   Section        0  llsshr.o(.text)
    .text                                    0x0800c296   Section        0  fepilogue.o(.text)
    .text                                    0x0800c296   Section        0  iusefp.o(.text)
    .text                                    0x0800c304   Section        0  depilogue.o(.text)
    .text                                    0x0800c3c0   Section       36  init.o(.text)
    .text                                    0x0800c3e4   Section        0  llushr.o(.text)
    .text                                    0x0800c404   Section        0  __dczerorl2.o(.text)
    i.__scatterload_copy                     0x0800c45a   Section       14  handlers.o(i.__scatterload_copy)
    i.__scatterload_null                     0x0800c468   Section        2  handlers.o(i.__scatterload_null)
    i.__scatterload_zeroinit                 0x0800c46a   Section       14  handlers.o(i.__scatterload_zeroinit)
    .constdata                               0x0800c478   Section     1028  ano_math.o(.constdata)
    .conststring                             0x0800c87c   Section       72  misc.o(.conststring)
    .conststring                             0x0800c8c4   Section       81  stm32f4xx_adc.o(.conststring)
    .conststring                             0x0800c918   Section       81  stm32f4xx_dma.o(.conststring)
    .conststring                             0x0800c96c   Section       82  stm32f4xx_exti.o(.conststring)
    .conststring                             0x0800c9c0   Section       82  stm32f4xx_gpio.o(.conststring)
    .conststring                             0x0800ca14   Section       81  stm32f4xx_rcc.o(.conststring)
    .conststring                             0x0800ca68   Section       81  stm32f4xx_tim.o(.conststring)
    .conststring                             0x0800cabc   Section       83  stm32f4xx_usart.o(.conststring)
    .data                                    0x20000000   Section       84  ano_scheduler.o(.data)
    sched_tasks                              0x20000000   Data          84  ano_scheduler.o(.data)
    .data                                    0x20000054   Section        6  user_task.o(.data)
    one_key_takeoff_f                        0x20000054   Data           1  user_task.o(.data)
    one_key_land_f                           0x20000055   Data           1  user_task.o(.data)
    one_key_mission_f                        0x20000056   Data           1  user_task.o(.data)
    mission_step                             0x20000057   Data           1  user_task.o(.data)
    time_dly_cnt_ms                          0x20000058   Data           2  user_task.o(.data)
    .data                                    0x2000005a   Section        6  ano_dt_lx.o(.data)
    DT_data_cnt                              0x2000005a   Data           1  ano_dt_lx.o(.data)
    repeat_cnt                               0x2000005b   Data           1  ano_dt_lx.o(.data)
    _data_len                                0x2000005c   Data           1  ano_dt_lx.o(.data)
    _data_cnt                                0x2000005d   Data           1  ano_dt_lx.o(.data)
    rxstate                                  0x2000005e   Data           1  ano_dt_lx.o(.data)
    time_dly                                 0x2000005f   Data           1  ano_dt_lx.o(.data)
    .data                                    0x20000060   Section       18  ano_lx.o(.data)
    fail_safe_change_mod                     0x20000064   Data           1  ano_lx.o(.data)
    fail_safe_return_home                    0x20000065   Data           1  ano_lx.o(.data)
    mod_f                                    0x20000066   Data           3  ano_lx.o(.data)
    mod_f_time_cnt                           0x2000006a   Data           2  ano_lx.o(.data)
    esc_calibrated                           0x2000006c   Data           1  ano_lx.o(.data)
    tmp_cnt                                  0x2000006e   Data           4  ano_lx.o(.data)
    .data                                    0x20000072   Section        4  lx_fc_ext_sensor.o(.data)
    of_update_cnt                            0x20000072   Data           1  lx_fc_ext_sensor.o(.data)
    of_alt_update_cnt                        0x20000073   Data           1  lx_fc_ext_sensor.o(.data)
    dT_ms                                    0x20000074   Data           1  lx_fc_ext_sensor.o(.data)
    of_alt_update_cnt                        0x20000075   Data           1  lx_fc_ext_sensor.o(.data)
    .data                                    0x20000076   Section        1  lx_fc_fun.o(.data)
    old_mode                                 0x20000076   Data           1  lx_fc_fun.o(.data)
    .data                                    0x20000078   Section        6  lx_fc_state.o(.data)
    time_dly_cnt_ms                          0x2000007a   Data           2  lx_fc_state.o(.data)
    unlock_lock_flag                         0x2000007c   Data           1  lx_fc_state.o(.data)
    cali_f                                   0x2000007d   Data           1  lx_fc_state.o(.data)
    .data                                    0x20000080   Section       18  drv_bsp.o(.data)
    ch_sta                                   0x20000080   Data           1  drv_bsp.o(.data)
    sbus_time                                0x20000084   Data           8  drv_bsp.o(.data)
    cnt                                      0x2000008c   Data           1  drv_bsp.o(.data)
    frame_cnt                                0x2000008d   Data           1  drv_bsp.o(.data)
    cnt_tmp                                  0x2000008e   Data           1  drv_bsp.o(.data)
    time_dly                                 0x20000090   Data           2  drv_bsp.o(.data)
    .data                                    0x20000092   Section        3  drv_anoof.o(.data)
    _data_len                                0x20000092   Data           1  drv_anoof.o(.data)
    _data_cnt                                0x20000093   Data           1  drv_anoof.o(.data)
    rxstate                                  0x20000094   Data           1  drv_anoof.o(.data)
    .data                                    0x20000096   Section      182  drv_ubloxgps.o(.data)
    protocol_class                           0x20000145   Data           1  drv_ubloxgps.o(.data)
    protocol_id                              0x20000146   Data           1  drv_ubloxgps.o(.data)
    protocol_length_t                        0x20000147   Data           1  drv_ubloxgps.o(.data)
    protocol_length                          0x20000148   Data           2  drv_ubloxgps.o(.data)
    state                                    0x2000014b   Data           1  drv_ubloxgps.o(.data)
    .data                                    0x20000150   Section        8  drv_sys.o(.data)
    SysRunTimeMs                             0x20000150   Data           8  drv_sys.o(.data)
    .data                                    0x20000158   Section       12  drv_led.o(.data)
    led_cnt                                  0x2000015c   Data           8  drv_led.o(.data)
    .data                                    0x20000164   Section        4  drv_rcin.o(.data)
    temp_cnt                                 0x20000164   Data           4  drv_rcin.o(.data)
    .data                                    0x20000168   Section       20  drv_uart.o(.data)
    .data                                    0x2000017c   Section       20  system_stm32f4xx.o(.data)
    .data                                    0x20000190   Section       16  stm32f4xx_rcc.o(.data)
    APBAHBPrescTable                         0x20000190   Data          16  stm32f4xx_rcc.o(.data)
    .bss                                     0x200001a0   Section     1872  ano_dt_lx.o(.bss)
    DT_RxBuffer                              0x200007f0   Data         256  ano_dt_lx.o(.bss)
    .bss                                     0x200008f0   Section       46  ano_lx.o(.bss)
    pwm                                      0x2000090e   Data          16  ano_lx.o(.bss)
    .bss                                     0x2000091e   Section       48  lx_fc_ext_sensor.o(.bss)
    .bss                                     0x2000094e   Section       11  lx_fc_state.o(.bss)
    .bss                                     0x2000095a   Section      107  drv_bsp.o(.bss)
    datatmp                                  0x200009ac   Data          25  drv_bsp.o(.bss)
    .bss                                     0x200009c8   Section      124  drv_anoof.o(.bss)
    _datatemp                                0x20000a04   Data          50  drv_anoof.o(.bss)
    check_time_ms                            0x20000a38   Data          12  drv_anoof.o(.bss)
    .bss                                     0x20000a44   Section      100  drv_ubloxgps.o(.bss)
    .bss                                     0x20000aa8   Section      100  drv_adc.o(.bss)
    .bss                                     0x20000b0c   Section     1780  drv_uart.o(.bss)
    STACK                                    0x20001200   Section     2048  startup_stm32f4xx.o(STACK)

    Global Symbols

    Symbol Name                              Value     Ov Type        Size  Object(Section)

    BuildAttributes$$THM_ISAv4$E$P$D$K$B$S$7EM$VFPi3$EXTD16$VFPS$VFMA$PE$A:L22UL41UL21$X:L11$S22US41US21$IEEE1$IW$USESV6$~STKCKD$USESV7$~SHL$OTIME$ROPI$EBA8$MICROLIB$REQ8$PRES8$EABIv2 0x00000000   Number         0  anon$$obj.o ABSOLUTE
    __ARM_use_no_argv                        0x00000000   Number         0  main.o ABSOLUTE
    __cpp_initialize__aeabi_                  - Undefined Weak Reference
    __cxa_finalize                            - Undefined Weak Reference
    _clock_init                               - Undefined Weak Reference
    _microlib_exit                            - Undefined Weak Reference
    __Vectors_Size                           0x00000188   Number         0  startup_stm32f4xx.o ABSOLUTE
    __Vectors                                0x08000000   Data           4  startup_stm32f4xx.o(RESET)
    __Vectors_End                            0x08000188   Data           0  startup_stm32f4xx.o(RESET)
    __main                                   0x08000189   Thumb Code     0  entry.o(.ARM.Collect$$$$00000000)
    _main_stk                                0x08000189   Thumb Code     0  entry2.o(.ARM.Collect$$$$00000001)
    _main_scatterload                        0x0800018d   Thumb Code     0  entry5.o(.ARM.Collect$$$$00000004)
    __main_after_scatterload                 0x08000191   Thumb Code     0  entry5.o(.ARM.Collect$$$$00000004)
    _main_clock                              0x08000191   Thumb Code     0  entry7b.o(.ARM.Collect$$$$00000008)
    _main_cpp_init                           0x08000191   Thumb Code     0  entry8b.o(.ARM.Collect$$$$0000000A)
    _main_init                               0x08000191   Thumb Code     0  entry9a.o(.ARM.Collect$$$$0000000B)
    __rt_final_cpp                           0x08000199   Thumb Code     0  entry10a.o(.ARM.Collect$$$$0000000D)
    __rt_final_exit                          0x08000199   Thumb Code     0  entry11a.o(.ARM.Collect$$$$0000000F)
    assert_failed                            0x0800019d   Thumb Code     4  main.o(.text)
    main                                     0x080001a1   Thumb Code    16  main.o(.text)
    Scheduler_Setup                          0x080001cb   Thumb Code    76  ano_scheduler.o(.text)
    Scheduler_Run                            0x08000217   Thumb Code    76  ano_scheduler.o(.text)
    UserTask_OneKeyCmd                       0x08000269   Thumb Code   500  user_task.o(.text)
    ANO_DT_Init                              0x08000475   Thumb Code   166  ano_dt_lx.o(.text)
    CK_Back                                  0x0800052b   Thumb Code    12  ano_dt_lx.o(.text)
    PAR_Back                                 0x08000537   Thumb Code    14  ano_dt_lx.o(.text)
    ANO_DT_LX_Data_Receive_Prepare           0x080006d7   Thumb Code   258  ano_dt_lx.o(.text)
    CMD_Send                                 0x08000ad3   Thumb Code    22  ano_dt_lx.o(.text)
    ANO_LX_Data_Exchange_Task                0x08000ae9   Thumb Code    68  ano_dt_lx.o(.text)
    ANO_LX_Task                              0x08000ff1   Thumb Code   144  ano_lx.o(.text)
    LX_FC_EXT_Sensor_Task                    0x0800108d   Thumb Code    78  lx_fc_ext_sensor.o(.text)
    FC_Unlock                                0x08001171   Thumb Code    56  lx_fc_fun.o(.text)
    FC_Lock                                  0x080011a9   Thumb Code    56  lx_fc_fun.o(.text)
    LX_Change_Mode                           0x080011e1   Thumb Code    80  lx_fc_fun.o(.text)
    OneKey_Return_Home                       0x08001231   Thumb Code    50  lx_fc_fun.o(.text)
    OneKey_Takeoff                           0x08001263   Thumb Code    66  lx_fc_fun.o(.text)
    OneKey_Land                              0x080012a5   Thumb Code    50  lx_fc_fun.o(.text)
    Horizontal_Move                          0x080012d7   Thumb Code    98  lx_fc_fun.o(.text)
    Horizontal_Calibrate                     0x08001339   Thumb Code    50  lx_fc_fun.o(.text)
    Mag_Calibrate                            0x0800136b   Thumb Code    50  lx_fc_fun.o(.text)
    ACC_Calibrate                            0x0800139d   Thumb Code    50  lx_fc_fun.o(.text)
    GYR_Calibrate                            0x080013cf   Thumb Code    50  lx_fc_fun.o(.text)
    LX_Cali_Trig_Check                       0x080015c3   Thumb Code   150  lx_fc_state.o(.text)
    LX_FC_State_Task                         0x08001659   Thumb Code    26  lx_fc_state.o(.text)
    UserTask_TJ                              0x08001691   Thumb Code    54  user_tj.o(.text)
    DrvRcInputInit                           0x080016d1   Thumb Code    16  drv_bsp.o(.text)
    All_Init                                 0x080016e1   Thumb Code    94  drv_bsp.o(.text)
    DrvPpmGetOneCh                           0x0800173f   Thumb Code    92  drv_bsp.o(.text)
    DrvSbusGetOneByte                        0x0800179b   Thumb Code   560  drv_bsp.o(.text)
    DrvRcInputTask                           0x08001a73   Thumb Code   286  drv_bsp.o(.text)
    my_abs                                   0x08001b9d   Thumb Code    26  ano_math.o(.text)
    fast_atan2                               0x08001bb7   Thumb Code   350  ano_math.o(.text)
    my_atan                                  0x08001d15   Thumb Code    24  ano_math.o(.text)
    my_sqrt_reciprocal                       0x08001d2d   Thumb Code    76  ano_math.o(.text)
    my_sqrt                                  0x08001d79   Thumb Code    20  ano_math.o(.text)
    mx_sin                                   0x08001d8d   Thumb Code   292  ano_math.o(.text)
    my_sin                                   0x08001eb1   Thumb Code   108  ano_math.o(.text)
    my_cos                                   0x08001f1d   Thumb Code   136  ano_math.o(.text)
    my_deadzone                              0x08001fa5   Thumb Code   152  ano_math.o(.text)
    my_deadzone_2                            0x0800203d   Thumb Code    48  ano_math.o(.text)
    my_HPF                                   0x0800206d   Thumb Code   346  ano_math.o(.text)
    To_180_degrees_db                        0x080021c7   Thumb Code   108  ano_math.o(.text)
    length_limit                             0x08002233   Thumb Code   140  ano_math.o(.text)
    fifo                                     0x080022bf   Thumb Code    42  ano_math.o(.text)
    rot_vec_2                                0x080022e9   Thumb Code    84  ano_math.o(.text)
    vec_2_cross_product                      0x0800233d   Thumb Code    26  ano_math.o(.text)
    vec_2_dot_product                        0x08002357   Thumb Code    26  ano_math.o(.text)
    vec_3_cross_product_err_sinx             0x08002371   Thumb Code    86  ano_math.o(.text)
    vec_3_dot_product                        0x080023c7   Thumb Code    38  ano_math.o(.text)
    AnoOF_Check_State                        0x08002419   Thumb Code   180  drv_anoof.o(.text)
    AnoOF_GetOneByte                         0x08002639   Thumb Code   252  drv_anoof.o(.text)
    GPS_Data_Prepare_Task                    0x08002759   Thumb Code   306  drv_ubloxgps.o(.text)
    GPS_Rate_H                               0x0800288b   Thumb Code    12  drv_ubloxgps.o(.text)
    GPS_Rate_L                               0x08002897   Thumb Code    12  drv_ubloxgps.o(.text)
    Init_GPS                                 0x080028a3   Thumb Code   196  drv_ubloxgps.o(.text)
    UBLOX_M8_GPS_Data_Receive                0x08002967   Thumb Code   328  drv_ubloxgps.o(.text)
    NMI_Handler                              0x08002b01   Thumb Code     2  stm32f4xx_it.o(.text)
    MemManage_Handler                        0x08002b03   Thumb Code     4  stm32f4xx_it.o(.text)
    BusFault_Handler                         0x08002b07   Thumb Code     4  stm32f4xx_it.o(.text)
    UsageFault_Handler                       0x08002b0b   Thumb Code     4  stm32f4xx_it.o(.text)
    SVC_Handler                              0x08002b0f   Thumb Code     2  stm32f4xx_it.o(.text)
    DebugMon_Handler                         0x08002b11   Thumb Code     2  stm32f4xx_it.o(.text)
    EXTI9_5_IRQHandler                       0x08002b13   Thumb Code    18  stm32f4xx_it.o(.text)
    TIM3_IRQHandler                          0x08002b25   Thumb Code     8  stm32f4xx_it.o(.text)
    TIM4_IRQHandler                          0x08002b2d   Thumb Code     2  stm32f4xx_it.o(.text)
    TIM7_IRQHandler                          0x08002b2f   Thumb Code    26  stm32f4xx_it.o(.text)
    USART1_IRQHandler                        0x08002b49   Thumb Code     8  stm32f4xx_it.o(.text)
    USART2_IRQHandler                        0x08002b51   Thumb Code     8  stm32f4xx_it.o(.text)
    USART3_IRQHandler                        0x08002b59   Thumb Code     8  stm32f4xx_it.o(.text)
    UART4_IRQHandler                         0x08002b61   Thumb Code     8  stm32f4xx_it.o(.text)
    UART5_IRQHandler                         0x08002b69   Thumb Code     8  stm32f4xx_it.o(.text)
    USART6_IRQHandler                        0x08002b71   Thumb Code     8  stm32f4xx_it.o(.text)
    SysTick_Init                             0x08002b7d   Thumb Code   100  drv_sys.o(.text)
    SysTick_Handler                          0x08002be1   Thumb Code    20  drv_sys.o(.text)
    GetSysRunTimeMs                          0x08002bf5   Thumb Code     6  drv_sys.o(.text)
    GetSysRunTimeUs                          0x08002bfb   Thumb Code    62  drv_sys.o(.text)
    MyDelayUs                                0x08002c39   Thumb Code    24  drv_sys.o(.text)
    MyDelayMs                                0x08002c51   Thumb Code    24  drv_sys.o(.text)
    DrvSysInit                               0x08002c69   Thumb Code    16  drv_sys.o(.text)
    DrvAdcInit                               0x08002cf1   Thumb Code   168  drv_adc.o(.text)
    Drv_AdcGetBatVot                         0x08002d99   Thumb Code    92  drv_adc.o(.text)
    DvrLedInit                               0x08002e19   Thumb Code   112  drv_led.o(.text)
    LED_On_Off                               0x08002e89   Thumb Code    82  drv_led.o(.text)
    LED_1ms_DRV                              0x08002edb   Thumb Code    78  drv_led.o(.text)
    DrvPwmOutInit                            0x08002f35   Thumb Code   746  drv_pwmout.o(.text)
    DrvMotorPWMSet                           0x0800321f   Thumb Code   112  drv_pwmout.o(.text)
    DrvRcPpmInit                             0x080032b5   Thumb Code   176  drv_rcin.o(.text)
    PPM_IRQH                                 0x08003365   Thumb Code    82  drv_rcin.o(.text)
    DrvRcSbusInit                            0x080033b7   Thumb Code   166  drv_rcin.o(.text)
    Sbus_IRQH                                0x0800345d   Thumb Code    40  drv_rcin.o(.text)
    TIM_CONF                                 0x08003499   Thumb Code    80  drv_timer.o(.text)
    TIM_NVIC                                 0x080034e9   Thumb Code    32  drv_timer.o(.text)
    DrvTimerFcInit                           0x08003509   Thumb Code    24  drv_timer.o(.text)
    NoUse                                    0x08003525   Thumb Code     2  drv_uart.o(.text)
    DrvUart1Init                             0x08003527   Thumb Code   246  drv_uart.o(.text)
    DrvUart1SendBuf                          0x0800361d   Thumb Code    60  drv_uart.o(.text)
    drvU1GetByte                             0x08003659   Thumb Code    32  drv_uart.o(.text)
    drvU1DataCheck                           0x08003679   Thumb Code    52  drv_uart.o(.text)
    Usart1_IRQ                               0x080036ad   Thumb Code   110  drv_uart.o(.text)
    DrvUart2Init                             0x0800371b   Thumb Code   234  drv_uart.o(.text)
    DrvUart2SendBuf                          0x08003805   Thumb Code    62  drv_uart.o(.text)
    drvU2GetByte                             0x08003843   Thumb Code    32  drv_uart.o(.text)
    drvU2DataCheck                           0x08003863   Thumb Code    52  drv_uart.o(.text)
    Usart2_IRQ                               0x08003897   Thumb Code   120  drv_uart.o(.text)
    DrvUart3Init                             0x0800390f   Thumb Code   312  drv_uart.o(.text)
    DrvUart3SendBuf                          0x08003a47   Thumb Code    62  drv_uart.o(.text)
    drvU3GetByte                             0x08003a85   Thumb Code    32  drv_uart.o(.text)
    drvU3DataCheck                           0x08003aa5   Thumb Code    52  drv_uart.o(.text)
    Usart3_IRQ                               0x08003ad9   Thumb Code   134  drv_uart.o(.text)
    DrvUart4Init                             0x08003b5f   Thumb Code   200  drv_uart.o(.text)
    DrvUart4SendBuf                          0x08003c27   Thumb Code    62  drv_uart.o(.text)
    drvU4GetByte                             0x08003c65   Thumb Code    32  drv_uart.o(.text)
    drvU4DataCheck                           0x08003c85   Thumb Code    52  drv_uart.o(.text)
    Uart4_IRQ                                0x08003cb9   Thumb Code   120  drv_uart.o(.text)
    DrvUart5Init                             0x08003d31   Thumb Code   288  drv_uart.o(.text)
    DrvUart5SendBuf                          0x08003e51   Thumb Code    60  drv_uart.o(.text)
    drvU5GetByte                             0x08003e8d   Thumb Code    32  drv_uart.o(.text)
    drvU5DataCheck                           0x08003ead   Thumb Code    52  drv_uart.o(.text)
    Uart5_IRQ                                0x08003ee1   Thumb Code   110  drv_uart.o(.text)
    DrvUartDataCheck                         0x08003f4f   Thumb Code    24  drv_uart.o(.text)
    Reset_Handler                            0x08003f89   Thumb Code     8  startup_stm32f4xx.o(.text)
    HardFault_Handler                        0x08003f93   Thumb Code     2  startup_stm32f4xx.o(.text)
    PendSV_Handler                           0x08003f9f   Thumb Code     2  startup_stm32f4xx.o(.text)
    ADC_IRQHandler                           0x08003fa3   Thumb Code     0  startup_stm32f4xx.o(.text)
    CAN1_RX0_IRQHandler                      0x08003fa3   Thumb Code     0  startup_stm32f4xx.o(.text)
    CAN1_RX1_IRQHandler                      0x08003fa3   Thumb Code     0  startup_stm32f4xx.o(.text)
    CAN1_SCE_IRQHandler                      0x08003fa3   Thumb Code     0  startup_stm32f4xx.o(.text)
    CAN1_TX_IRQHandler                       0x08003fa3   Thumb Code     0  startup_stm32f4xx.o(.text)
    CAN2_RX0_IRQHandler                      0x08003fa3   Thumb Code     0  startup_stm32f4xx.o(.text)
    CAN2_RX1_IRQHandler                      0x08003fa3   Thumb Code     0  startup_stm32f4xx.o(.text)
    CAN2_SCE_IRQHandler                      0x08003fa3   Thumb Code     0  startup_stm32f4xx.o(.text)
    CAN2_TX_IRQHandler                       0x08003fa3   Thumb Code     0  startup_stm32f4xx.o(.text)
    CRYP_IRQHandler                          0x08003fa3   Thumb Code     0  startup_stm32f4xx.o(.text)
    DCMI_IRQHandler                          0x08003fa3   Thumb Code     0  startup_stm32f4xx.o(.text)
    DMA1_Stream0_IRQHandler                  0x08003fa3   Thumb Code     0  startup_stm32f4xx.o(.text)
    DMA1_Stream1_IRQHandler                  0x08003fa3   Thumb Code     0  startup_stm32f4xx.o(.text)
    DMA1_Stream2_IRQHandler                  0x08003fa3   Thumb Code     0  startup_stm32f4xx.o(.text)
    DMA1_Stream3_IRQHandler                  0x08003fa3   Thumb Code     0  startup_stm32f4xx.o(.text)
    DMA1_Stream4_IRQHandler                  0x08003fa3   Thumb Code     0  startup_stm32f4xx.o(.text)
    DMA1_Stream5_IRQHandler                  0x08003fa3   Thumb Code     0  startup_stm32f4xx.o(.text)
    DMA1_Stream6_IRQHandler                  0x08003fa3   Thumb Code     0  startup_stm32f4xx.o(.text)
    DMA1_Stream7_IRQHandler                  0x08003fa3   Thumb Code     0  startup_stm32f4xx.o(.text)
    DMA2_Stream0_IRQHandler                  0x08003fa3   Thumb Code     0  startup_stm32f4xx.o(.text)
    DMA2_Stream1_IRQHandler                  0x08003fa3   Thumb Code     0  startup_stm32f4xx.o(.text)
    DMA2_Stream2_IRQHandler                  0x08003fa3   Thumb Code     0  startup_stm32f4xx.o(.text)
    DMA2_Stream3_IRQHandler                  0x08003fa3   Thumb Code     0  startup_stm32f4xx.o(.text)
    DMA2_Stream4_IRQHandler                  0x08003fa3   Thumb Code     0  startup_stm32f4xx.o(.text)
    DMA2_Stream5_IRQHandler                  0x08003fa3   Thumb Code     0  startup_stm32f4xx.o(.text)
    DMA2_Stream6_IRQHandler                  0x08003fa3   Thumb Code     0  startup_stm32f4xx.o(.text)
    DMA2_Stream7_IRQHandler                  0x08003fa3   Thumb Code     0  startup_stm32f4xx.o(.text)
    ETH_IRQHandler                           0x08003fa3   Thumb Code     0  startup_stm32f4xx.o(.text)
    ETH_WKUP_IRQHandler                      0x08003fa3   Thumb Code     0  startup_stm32f4xx.o(.text)
    EXTI0_IRQHandler                         0x08003fa3   Thumb Code     0  startup_stm32f4xx.o(.text)
    EXTI15_10_IRQHandler                     0x08003fa3   Thumb Code     0  startup_stm32f4xx.o(.text)
    EXTI1_IRQHandler                         0x08003fa3   Thumb Code     0  startup_stm32f4xx.o(.text)
    EXTI2_IRQHandler                         0x08003fa3   Thumb Code     0  startup_stm32f4xx.o(.text)
    EXTI3_IRQHandler                         0x08003fa3   Thumb Code     0  startup_stm32f4xx.o(.text)
    EXTI4_IRQHandler                         0x08003fa3   Thumb Code     0  startup_stm32f4xx.o(.text)
    FLASH_IRQHandler                         0x08003fa3   Thumb Code     0  startup_stm32f4xx.o(.text)
    FPU_IRQHandler                           0x08003fa3   Thumb Code     0  startup_stm32f4xx.o(.text)
    FSMC_IRQHandler                          0x08003fa3   Thumb Code     0  startup_stm32f4xx.o(.text)
    HASH_RNG_IRQHandler                      0x08003fa3   Thumb Code     0  startup_stm32f4xx.o(.text)
    I2C1_ER_IRQHandler                       0x08003fa3   Thumb Code     0  startup_stm32f4xx.o(.text)
    I2C1_EV_IRQHandler                       0x08003fa3   Thumb Code     0  startup_stm32f4xx.o(.text)
    I2C2_ER_IRQHandler                       0x08003fa3   Thumb Code     0  startup_stm32f4xx.o(.text)
    I2C2_EV_IRQHandler                       0x08003fa3   Thumb Code     0  startup_stm32f4xx.o(.text)
    I2C3_ER_IRQHandler                       0x08003fa3   Thumb Code     0  startup_stm32f4xx.o(.text)
    I2C3_EV_IRQHandler                       0x08003fa3   Thumb Code     0  startup_stm32f4xx.o(.text)
    OTG_FS_IRQHandler                        0x08003fa3   Thumb Code     0  startup_stm32f4xx.o(.text)
    OTG_FS_WKUP_IRQHandler                   0x08003fa3   Thumb Code     0  startup_stm32f4xx.o(.text)
    OTG_HS_EP1_IN_IRQHandler                 0x08003fa3   Thumb Code     0  startup_stm32f4xx.o(.text)
    OTG_HS_EP1_OUT_IRQHandler                0x08003fa3   Thumb Code     0  startup_stm32f4xx.o(.text)
    OTG_HS_IRQHandler                        0x08003fa3   Thumb Code     0  startup_stm32f4xx.o(.text)
    OTG_HS_WKUP_IRQHandler                   0x08003fa3   Thumb Code     0  startup_stm32f4xx.o(.text)
    PVD_IRQHandler                           0x08003fa3   Thumb Code     0  startup_stm32f4xx.o(.text)
    RCC_IRQHandler                           0x08003fa3   Thumb Code     0  startup_stm32f4xx.o(.text)
    RTC_Alarm_IRQHandler                     0x08003fa3   Thumb Code     0  startup_stm32f4xx.o(.text)
    RTC_WKUP_IRQHandler                      0x08003fa3   Thumb Code     0  startup_stm32f4xx.o(.text)
    SDIO_IRQHandler                          0x08003fa3   Thumb Code     0  startup_stm32f4xx.o(.text)
    SPI1_IRQHandler                          0x08003fa3   Thumb Code     0  startup_stm32f4xx.o(.text)
    SPI2_IRQHandler                          0x08003fa3   Thumb Code     0  startup_stm32f4xx.o(.text)
    SPI3_IRQHandler                          0x08003fa3   Thumb Code     0  startup_stm32f4xx.o(.text)
    TAMP_STAMP_IRQHandler                    0x08003fa3   Thumb Code     0  startup_stm32f4xx.o(.text)
    TIM1_BRK_TIM9_IRQHandler                 0x08003fa3   Thumb Code     0  startup_stm32f4xx.o(.text)
    TIM1_CC_IRQHandler                       0x08003fa3   Thumb Code     0  startup_stm32f4xx.o(.text)
    TIM1_TRG_COM_TIM11_IRQHandler            0x08003fa3   Thumb Code     0  startup_stm32f4xx.o(.text)
    TIM1_UP_TIM10_IRQHandler                 0x08003fa3   Thumb Code     0  startup_stm32f4xx.o(.text)
    TIM2_IRQHandler                          0x08003fa3   Thumb Code     0  startup_stm32f4xx.o(.text)
    TIM5_IRQHandler                          0x08003fa3   Thumb Code     0  startup_stm32f4xx.o(.text)
    TIM6_DAC_IRQHandler                      0x08003fa3   Thumb Code     0  startup_stm32f4xx.o(.text)
    TIM8_BRK_TIM12_IRQHandler                0x08003fa3   Thumb Code     0  startup_stm32f4xx.o(.text)
    TIM8_CC_IRQHandler                       0x08003fa3   Thumb Code     0  startup_stm32f4xx.o(.text)
    TIM8_TRG_COM_TIM14_IRQHandler            0x08003fa3   Thumb Code     0  startup_stm32f4xx.o(.text)
    TIM8_UP_TIM13_IRQHandler                 0x08003fa3   Thumb Code     0  startup_stm32f4xx.o(.text)
    WWDG_IRQHandler                          0x08003fa3   Thumb Code     0  startup_stm32f4xx.o(.text)
    SystemInit                               0x08004089   Thumb Code    88  system_stm32f4xx.o(.text)
    SystemCoreClockUpdate                    0x080040e1   Thumb Code   174  system_stm32f4xx.o(.text)
    NVIC_PriorityGroupConfig                 0x080041bd   Thumb Code    54  misc.o(.text)
    NVIC_Init                                0x080041f3   Thumb Code   164  misc.o(.text)
    NVIC_SetVectorTable                      0x08004297   Thumb Code    60  misc.o(.text)
    NVIC_SystemLPConfig                      0x080042d3   Thumb Code    78  misc.o(.text)
    SysTick_CLKSourceConfig                  0x08004321   Thumb Code    62  misc.o(.text)
    ADC_DeInit                               0x0800437d   Thumb Code    22  stm32f4xx_adc.o(.text)
    ADC_Init                                 0x08004393   Thumb Code   402  stm32f4xx_adc.o(.text)
    ADC_StructInit                           0x08004525   Thumb Code    20  stm32f4xx_adc.o(.text)
    ADC_CommonInit                           0x08004539   Thumb Code   342  stm32f4xx_adc.o(.text)
    ADC_CommonStructInit                     0x0800468f   Thumb Code    12  stm32f4xx_adc.o(.text)
    ADC_Cmd                                  0x0800469b   Thumb Code    76  stm32f4xx_adc.o(.text)
    ADC_AnalogWatchdogCmd                    0x080046e7   Thumb Code   102  stm32f4xx_adc.o(.text)
    ADC_AnalogWatchdogThresholdsConfig       0x0800474d   Thumb Code   126  stm32f4xx_adc.o(.text)
    ADC_AnalogWatchdogSingleChannelConfig    0x080047cb   Thumb Code   136  stm32f4xx_adc.o(.text)
    ADC_TempSensorVrefintCmd                 0x08004853   Thumb Code    56  stm32f4xx_adc.o(.text)
    ADC_VBATCmd                              0x0800488b   Thumb Code    56  stm32f4xx_adc.o(.text)
    ADC_RegularChannelConfig                 0x080048c3   Thumb Code   408  stm32f4xx_adc.o(.text)
    ADC_SoftwareStartConv                    0x08004a5b   Thumb Code    44  stm32f4xx_adc.o(.text)
    ADC_GetSoftwareStartConvStatus           0x08004a87   Thumb Code    54  stm32f4xx_adc.o(.text)
    ADC_EOCOnEachRegularChannelCmd           0x08004abd   Thumb Code    76  stm32f4xx_adc.o(.text)
    ADC_ContinuousModeCmd                    0x08004b09   Thumb Code    76  stm32f4xx_adc.o(.text)
    ADC_DiscModeChannelCountConfig           0x08004b55   Thumb Code   100  stm32f4xx_adc.o(.text)
    ADC_DiscModeCmd                          0x08004bb9   Thumb Code    76  stm32f4xx_adc.o(.text)
    ADC_GetConversionValue                   0x08004c05   Thumb Code    40  stm32f4xx_adc.o(.text)
    ADC_GetMultiModeConversionValue          0x08004c2d   Thumb Code     6  stm32f4xx_adc.o(.text)
    ADC_DMACmd                               0x08004c33   Thumb Code    76  stm32f4xx_adc.o(.text)
    ADC_DMARequestAfterLastTransferCmd       0x08004c7f   Thumb Code    76  stm32f4xx_adc.o(.text)
    ADC_MultiModeDMARequestAfterLastTransferCmd 0x08004ccb   Thumb Code    60  stm32f4xx_adc.o(.text)
    ADC_InjectedChannelConfig                0x08004d07   Thumb Code   332  stm32f4xx_adc.o(.text)
    ADC_InjectedSequencerLengthConfig        0x08004e53   Thumb Code    80  stm32f4xx_adc.o(.text)
    ADC_SetInjectedOffset                    0x08004ea3   Thumb Code   102  stm32f4xx_adc.o(.text)
    ADC_ExternalTrigInjectedConvConfig       0x08004f09   Thumb Code   176  stm32f4xx_adc.o(.text)
    ADC_ExternalTrigInjectedConvEdgeConfig   0x08004fb9   Thumb Code    82  stm32f4xx_adc.o(.text)
    ADC_SoftwareStartInjectedConv            0x0800500b   Thumb Code    44  stm32f4xx_adc.o(.text)
    ADC_GetSoftwareStartInjectedConvCmdStatus 0x08005037   Thumb Code    54  stm32f4xx_adc.o(.text)
    ADC_AutoInjectedConvCmd                  0x0800506d   Thumb Code    76  stm32f4xx_adc.o(.text)
    ADC_InjectedDiscModeCmd                  0x080050b9   Thumb Code    76  stm32f4xx_adc.o(.text)
    ADC_GetInjectedConversionValue           0x08005105   Thumb Code    88  stm32f4xx_adc.o(.text)
    ADC_ITConfig                             0x0800515d   Thumb Code   130  stm32f4xx_adc.o(.text)
    ADC_GetFlagStatus                        0x080051df   Thumb Code    90  stm32f4xx_adc.o(.text)
    ADC_ClearFlag                            0x08005239   Thumb Code    62  stm32f4xx_adc.o(.text)
    ADC_GetITStatus                          0x08005277   Thumb Code   122  stm32f4xx_adc.o(.text)
    ADC_ClearITPendingBit                    0x080052f1   Thumb Code    88  stm32f4xx_adc.o(.text)
    DMA_DeInit                               0x08005359   Thumb Code   462  stm32f4xx_dma.o(.text)
    DMA_Init                                 0x08005527   Thumb Code   684  stm32f4xx_dma.o(.text)
    DMA_StructInit                           0x080057d3   Thumb Code    34  stm32f4xx_dma.o(.text)
    DMA_Cmd                                  0x080057f5   Thumb Code   182  stm32f4xx_dma.o(.text)
    DMA_PeriphIncOffsetSizeConfig            0x080058ab   Thumb Code   184  stm32f4xx_dma.o(.text)
    DMA_FlowControllerConfig                 0x08005963   Thumb Code   182  stm32f4xx_dma.o(.text)
    DMA_SetCurrDataCounter                   0x08005a19   Thumb Code   146  stm32f4xx_dma.o(.text)
    DMA_GetCurrDataCounter                   0x08005aab   Thumb Code   146  stm32f4xx_dma.o(.text)
    DMA_DoubleBufferModeConfig               0x08005b3d   Thumb Code   204  stm32f4xx_dma.o(.text)
    DMA_DoubleBufferModeCmd                  0x08005c09   Thumb Code   182  stm32f4xx_dma.o(.text)
    DMA_MemoryTargetConfig                   0x08005cbf   Thumb Code   174  stm32f4xx_dma.o(.text)
    DMA_GetCurrentMemoryTarget               0x08005d6d   Thumb Code   160  stm32f4xx_dma.o(.text)
    DMA_GetCmdStatus                         0x08005e0d   Thumb Code   160  stm32f4xx_dma.o(.text)
    DMA_GetFIFOStatus                        0x08005ead   Thumb Code   152  stm32f4xx_dma.o(.text)
    DMA_GetFlagStatus                        0x08005f45   Thumb Code   486  stm32f4xx_dma.o(.text)
    DMA_ClearFlag                            0x0800612b   Thumb Code   216  stm32f4xx_dma.o(.text)
    DMA_ITConfig                             0x08006203   Thumb Code   238  stm32f4xx_dma.o(.text)
    DMA_GetITStatus                          0x080062f1   Thumb Code   590  stm32f4xx_dma.o(.text)
    DMA_ClearITPendingBit                    0x0800653f   Thumb Code   216  stm32f4xx_dma.o(.text)
    EXTI_DeInit                              0x080066c1   Thumb Code    28  stm32f4xx_exti.o(.text)
    EXTI_Init                                0x080066dd   Thumb Code   236  stm32f4xx_exti.o(.text)
    EXTI_StructInit                          0x080067c9   Thumb Code    16  stm32f4xx_exti.o(.text)
    EXTI_GenerateSWInterrupt                 0x080067d9   Thumb Code    38  stm32f4xx_exti.o(.text)
    EXTI_GetFlagStatus                       0x080067ff   Thumb Code   158  stm32f4xx_exti.o(.text)
    EXTI_ClearFlag                           0x0800689d   Thumb Code    30  stm32f4xx_exti.o(.text)
    EXTI_GetITStatus                         0x080068bb   Thumb Code   172  stm32f4xx_exti.o(.text)
    EXTI_ClearITPendingBit                   0x08006967   Thumb Code    32  stm32f4xx_exti.o(.text)
    GPIO_DeInit                              0x08006995   Thumb Code   284  stm32f4xx_gpio.o(.text)
    GPIO_Init                                0x08006ab1   Thumb Code   342  stm32f4xx_gpio.o(.text)
    GPIO_StructInit                          0x08006c07   Thumb Code    18  stm32f4xx_gpio.o(.text)
    GPIO_PinLockConfig                       0x08006c19   Thumb Code   122  stm32f4xx_gpio.o(.text)
    GPIO_ReadInputDataBit                    0x08006c93   Thumb Code   182  stm32f4xx_gpio.o(.text)
    GPIO_ReadInputData                       0x08006d49   Thumb Code   116  stm32f4xx_gpio.o(.text)
    GPIO_ReadOutputDataBit                   0x08006dbd   Thumb Code   182  stm32f4xx_gpio.o(.text)
    GPIO_ReadOutputData                      0x08006e73   Thumb Code    76  stm32f4xx_gpio.o(.text)
    GPIO_SetBits                             0x08006ebf   Thumb Code    94  stm32f4xx_gpio.o(.text)
    GPIO_ResetBits                           0x08006f1d   Thumb Code    94  stm32f4xx_gpio.o(.text)
    GPIO_WriteBit                            0x08006f7b   Thumb Code   194  stm32f4xx_gpio.o(.text)
    GPIO_Write                               0x0800703d   Thumb Code    76  stm32f4xx_gpio.o(.text)
    GPIO_ToggleBits                          0x08007089   Thumb Code    80  stm32f4xx_gpio.o(.text)
    GPIO_PinAFConfig                         0x080070d9   Thumb Code   382  stm32f4xx_gpio.o(.text)
    RCC_DeInit                               0x0800725d   Thumb Code    60  stm32f4xx_rcc.o(.text)
    RCC_HSEConfig                            0x08007299   Thumb Code    38  stm32f4xx_rcc.o(.text)
    RCC_GetFlagStatus                        0x080072bf   Thumb Code   130  stm32f4xx_rcc.o(.text)
    RCC_WaitForHSEStartUp                    0x08007341   Thumb Code    56  stm32f4xx_rcc.o(.text)
    RCC_AdjustHSICalibrationValue            0x08007379   Thumb Code    38  stm32f4xx_rcc.o(.text)
    RCC_HSICmd                               0x0800739f   Thumb Code    28  stm32f4xx_rcc.o(.text)
    RCC_LSEConfig                            0x080073bb   Thumb Code    72  stm32f4xx_rcc.o(.text)
    RCC_LSICmd                               0x08007403   Thumb Code    28  stm32f4xx_rcc.o(.text)
    RCC_PLLConfig                            0x0800741f   Thumb Code   156  stm32f4xx_rcc.o(.text)
    RCC_PLLCmd                               0x080074bb   Thumb Code    28  stm32f4xx_rcc.o(.text)
    RCC_PLLI2SConfig                         0x080074d7   Thumb Code    62  stm32f4xx_rcc.o(.text)
    RCC_PLLI2SCmd                            0x08007515   Thumb Code    28  stm32f4xx_rcc.o(.text)
    RCC_ClockSecuritySystemCmd               0x08007531   Thumb Code    28  stm32f4xx_rcc.o(.text)
    RCC_MCO1Config                           0x0800754d   Thumb Code   102  stm32f4xx_rcc.o(.text)
    RCC_MCO2Config                           0x080075b3   Thumb Code   102  stm32f4xx_rcc.o(.text)
    RCC_SYSCLKConfig                         0x08007619   Thumb Code    68  stm32f4xx_rcc.o(.text)
    RCC_GetSYSCLKSource                      0x0800765d   Thumb Code    10  stm32f4xx_rcc.o(.text)
    RCC_HCLKConfig                           0x08007667   Thumb Code    66  stm32f4xx_rcc.o(.text)
    RCC_PCLK1Config                          0x080076a9   Thumb Code    58  stm32f4xx_rcc.o(.text)
    RCC_PCLK2Config                          0x080076e3   Thumb Code    60  stm32f4xx_rcc.o(.text)
    RCC_GetClocksFreq                        0x0800771f   Thumb Code   214  stm32f4xx_rcc.o(.text)
    RCC_RTCCLKConfig                         0x080077f5   Thumb Code   260  stm32f4xx_rcc.o(.text)
    RCC_RTCCLKCmd                            0x080078f9   Thumb Code    28  stm32f4xx_rcc.o(.text)
    RCC_BackupResetCmd                       0x08007915   Thumb Code    30  stm32f4xx_rcc.o(.text)
    RCC_I2SCLKConfig                         0x08007933   Thumb Code    28  stm32f4xx_rcc.o(.text)
    RCC_AHB1PeriphClockCmd                   0x0800794f   Thumb Code    78  stm32f4xx_rcc.o(.text)
    RCC_AHB2PeriphClockCmd                   0x0800799d   Thumb Code    78  stm32f4xx_rcc.o(.text)
    RCC_AHB3PeriphClockCmd                   0x080079eb   Thumb Code   234  stm32f4xx_rcc.o(.text)
    RCC_APB1PeriphClockCmd                   0x08007ad5   Thumb Code    70  stm32f4xx_rcc.o(.text)
    RCC_APB2PeriphClockCmd                   0x08007b1b   Thumb Code    78  stm32f4xx_rcc.o(.text)
    RCC_AHB1PeriphResetCmd                   0x08007b69   Thumb Code    78  stm32f4xx_rcc.o(.text)
    RCC_AHB2PeriphResetCmd                   0x08007bb7   Thumb Code    78  stm32f4xx_rcc.o(.text)
    RCC_AHB3PeriphResetCmd                   0x08007c05   Thumb Code    78  stm32f4xx_rcc.o(.text)
    RCC_APB1PeriphResetCmd                   0x08007c53   Thumb Code    78  stm32f4xx_rcc.o(.text)
    RCC_APB2PeriphResetCmd                   0x08007ca1   Thumb Code    78  stm32f4xx_rcc.o(.text)
    RCC_AHB1PeriphClockLPModeCmd             0x08007cef   Thumb Code    78  stm32f4xx_rcc.o(.text)
    RCC_AHB2PeriphClockLPModeCmd             0x08007d3d   Thumb Code    78  stm32f4xx_rcc.o(.text)
    RCC_AHB3PeriphClockLPModeCmd             0x08007d8b   Thumb Code    78  stm32f4xx_rcc.o(.text)
    RCC_APB1PeriphClockLPModeCmd             0x08007dd9   Thumb Code    78  stm32f4xx_rcc.o(.text)
    RCC_APB2PeriphClockLPModeCmd             0x08007e27   Thumb Code    78  stm32f4xx_rcc.o(.text)
    RCC_ITConfig                             0x08007e75   Thumb Code   108  stm32f4xx_rcc.o(.text)
    RCC_ClearFlag                            0x08007ee1   Thumb Code    14  stm32f4xx_rcc.o(.text)
    RCC_GetITStatus                          0x08007eef   Thumb Code    66  stm32f4xx_rcc.o(.text)
    RCC_ClearITPendingBit                    0x08007f31   Thumb Code    32  stm32f4xx_rcc.o(.text)
    TIM_DeInit                               0x08007f59   Thumb Code   440  stm32f4xx_tim.o(.text)
    TIM_TimeBaseInit                         0x08008111   Thumb Code   278  stm32f4xx_tim.o(.text)
    TIM_TimeBaseStructInit                   0x08008227   Thumb Code    18  stm32f4xx_tim.o(.text)
    TIM_PrescalerConfig                      0x08008239   Thumb Code   128  stm32f4xx_tim.o(.text)
    TIM_CounterModeConfig                    0x080082b9   Thumb Code   100  stm32f4xx_tim.o(.text)
    TIM_SetCounter                           0x0800831d   Thumb Code   164  stm32f4xx_tim.o(.text)
    TIM_SetAutoreload                        0x080083c1   Thumb Code   106  stm32f4xx_tim.o(.text)
    TIM_GetCounter                           0x0800842b   Thumb Code   104  stm32f4xx_tim.o(.text)
    TIM_GetPrescaler                         0x08008493   Thumb Code   104  stm32f4xx_tim.o(.text)
    TIM_UpdateDisableConfig                  0x080084fb   Thumb Code   144  stm32f4xx_tim.o(.text)
    TIM_UpdateRequestConfig                  0x0800858b   Thumb Code   144  stm32f4xx_tim.o(.text)
    TIM_ARRPreloadConfig                     0x0800861b   Thumb Code   144  stm32f4xx_tim.o(.text)
    TIM_SelectOnePulseMode                   0x080086ab   Thumb Code   138  stm32f4xx_tim.o(.text)
    TIM_SetClockDivision                     0x08008735   Thumb Code   190  stm32f4xx_tim.o(.text)
    TIM_Cmd                                  0x080087f3   Thumb Code   144  stm32f4xx_tim.o(.text)
    TIM_OC1Init                              0x08008883   Thumb Code   400  stm32f4xx_tim.o(.text)
    TIM_OC2Init                              0x08008a13   Thumb Code   474  stm32f4xx_tim.o(.text)
    TIM_OC3Init                              0x08008bed   Thumb Code   400  stm32f4xx_tim.o(.text)
    TIM_OC4Init                              0x08008d7d   Thumb Code   290  stm32f4xx_tim.o(.text)
    TIM_OCStructInit                         0x08008e9f   Thumb Code    20  stm32f4xx_tim.o(.text)
    TIM_SelectOCxM                           0x08008eb3   Thumb Code   250  stm32f4xx_tim.o(.text)
    TIM_SetCompare1                          0x08008fad   Thumb Code   144  stm32f4xx_tim.o(.text)
    TIM_SetCompare2                          0x0800903d   Thumb Code    70  stm32f4xx_tim.o(.text)
    TIM_SetCompare3                          0x08009083   Thumb Code    58  stm32f4xx_tim.o(.text)
    TIM_SetCompare4                          0x080090bd   Thumb Code    58  stm32f4xx_tim.o(.text)
    TIM_ForcedOC1Config                      0x080090f7   Thumb Code   126  stm32f4xx_tim.o(.text)
    TIM_ForcedOC2Config                      0x08009175   Thumb Code   110  stm32f4xx_tim.o(.text)
    TIM_ForcedOC3Config                      0x080091e3   Thumb Code    90  stm32f4xx_tim.o(.text)
    TIM_ForcedOC4Config                      0x0800923d   Thumb Code    98  stm32f4xx_tim.o(.text)
    TIM_OC1PreloadConfig                     0x0800929f   Thumb Code   124  stm32f4xx_tim.o(.text)
    TIM_OC2PreloadConfig                     0x0800931b   Thumb Code   108  stm32f4xx_tim.o(.text)
    TIM_OC3PreloadConfig                     0x08009387   Thumb Code    88  stm32f4xx_tim.o(.text)
    TIM_OC4PreloadConfig                     0x080093df   Thumb Code   146  stm32f4xx_tim.o(.text)
    TIM_OC1FastConfig                        0x08009471   Thumb Code   124  stm32f4xx_tim.o(.text)
    TIM_OC2FastConfig                        0x080094ed   Thumb Code   108  stm32f4xx_tim.o(.text)
    TIM_OC3FastConfig                        0x08009559   Thumb Code    88  stm32f4xx_tim.o(.text)
    TIM_OC4FastConfig                        0x080095b1   Thumb Code    96  stm32f4xx_tim.o(.text)
    TIM_ClearOC1Ref                          0x08009611   Thumb Code   124  stm32f4xx_tim.o(.text)
    TIM_ClearOC2Ref                          0x0800968d   Thumb Code   106  stm32f4xx_tim.o(.text)
    TIM_ClearOC3Ref                          0x080096f7   Thumb Code    88  stm32f4xx_tim.o(.text)
    TIM_ClearOC4Ref                          0x0800974f   Thumb Code    94  stm32f4xx_tim.o(.text)
    TIM_OC1PolarityConfig                    0x080097ad   Thumb Code   124  stm32f4xx_tim.o(.text)
    TIM_OC1NPolarityConfig                   0x08009829   Thumb Code   114  stm32f4xx_tim.o(.text)
    TIM_OC2PolarityConfig                    0x0800989b   Thumb Code   108  stm32f4xx_tim.o(.text)
    TIM_OC2NPolarityConfig                   0x08009907   Thumb Code    72  stm32f4xx_tim.o(.text)
    TIM_OC3PolarityConfig                    0x0800994f   Thumb Code    96  stm32f4xx_tim.o(.text)
    TIM_OC3NPolarityConfig                   0x080099af   Thumb Code    72  stm32f4xx_tim.o(.text)
    TIM_OC4PolarityConfig                    0x080099f7   Thumb Code    96  stm32f4xx_tim.o(.text)
    TIM_CCxCmd                               0x08009a57   Thumb Code   168  stm32f4xx_tim.o(.text)
    TIM_CCxNCmd                              0x08009aff   Thumb Code   104  stm32f4xx_tim.o(.text)
    TIM_SetIC4Prescaler                      0x08009b67   Thumb Code   106  stm32f4xx_tim.o(.text)
    TIM_SetIC3Prescaler                      0x08009c21   Thumb Code   148  stm32f4xx_tim.o(.text)
    TIM_SetIC2Prescaler                      0x08009cfd   Thumb Code   118  stm32f4xx_tim.o(.text)
    TIM_SetIC1Prescaler                      0x08009dc3   Thumb Code   134  stm32f4xx_tim.o(.text)
    TIM_ICInit                               0x08009e83   Thumb Code   460  stm32f4xx_tim.o(.text)
    TIM_ICStructInit                         0x0800a04f   Thumb Code    18  stm32f4xx_tim.o(.text)
    TIM_PWMIConfig                           0x0800a061   Thumb Code   234  stm32f4xx_tim.o(.text)
    TIM_GetCapture1                          0x0800a14b   Thumb Code    92  stm32f4xx_tim.o(.text)
    TIM_GetCapture2                          0x0800a1a7   Thumb Code    68  stm32f4xx_tim.o(.text)
    TIM_GetCapture3                          0x0800a1eb   Thumb Code    56  stm32f4xx_tim.o(.text)
    TIM_GetCapture4                          0x0800a223   Thumb Code    56  stm32f4xx_tim.o(.text)
    TIM_BDTRConfig                           0x0800a25b   Thumb Code   222  stm32f4xx_tim.o(.text)
    TIM_BDTRStructInit                       0x0800a339   Thumb Code    18  stm32f4xx_tim.o(.text)
    TIM_CtrlPWMOutputs                       0x0800a34b   Thumb Code    78  stm32f4xx_tim.o(.text)
    TIM_SelectCOM                            0x0800a399   Thumb Code    72  stm32f4xx_tim.o(.text)
    TIM_CCPreloadControl                     0x0800a3e1   Thumb Code    72  stm32f4xx_tim.o(.text)
    TIM_ITConfig                             0x0800a429   Thumb Code   216  stm32f4xx_tim.o(.text)
    TIM_GenerateEvent                        0x0800a501   Thumb Code   126  stm32f4xx_tim.o(.text)
    TIM_GetFlagStatus                        0x0800a57f   Thumb Code   188  stm32f4xx_tim.o(.text)
    TIM_ClearFlag                            0x0800a63b   Thumb Code   108  stm32f4xx_tim.o(.text)
    TIM_GetITStatus                          0x0800a6a7   Thumb Code   186  stm32f4xx_tim.o(.text)
    TIM_ClearITPendingBit                    0x0800a761   Thumb Code   108  stm32f4xx_tim.o(.text)
    TIM_DMAConfig                            0x0800a7cd   Thumb Code   328  stm32f4xx_tim.o(.text)
    TIM_DMACmd                               0x0800a915   Thumb Code   126  stm32f4xx_tim.o(.text)
    TIM_SelectCCDMA                          0x0800a993   Thumb Code    96  stm32f4xx_tim.o(.text)
    TIM_InternalClockConfig                  0x0800a9f3   Thumb Code    76  stm32f4xx_tim.o(.text)
    TIM_SelectInputTrigger                   0x0800aa3f   Thumb Code   148  stm32f4xx_tim.o(.text)
    TIM_ITRxExternalClockConfig              0x0800aad3   Thumb Code   110  stm32f4xx_tim.o(.text)
    TIM_TIxExternalClockConfig               0x0800ab41   Thumb Code   184  stm32f4xx_tim.o(.text)
    TIM_ETRConfig                            0x0800abf9   Thumb Code   164  stm32f4xx_tim.o(.text)
    TIM_ETRClockMode1Config                  0x0800ac9d   Thumb Code   228  stm32f4xx_tim.o(.text)
    TIM_ETRClockMode2Config                  0x0800ad81   Thumb Code   152  stm32f4xx_tim.o(.text)
    TIM_SelectOutputTrigger                  0x0800ae19   Thumb Code   126  stm32f4xx_tim.o(.text)
    TIM_SelectSlaveMode                      0x0800ae97   Thumb Code   112  stm32f4xx_tim.o(.text)
    TIM_SelectMasterSlaveMode                0x0800af07   Thumb Code   102  stm32f4xx_tim.o(.text)
    TIM_EncoderInterfaceConfig               0x0800af6d   Thumb Code   226  stm32f4xx_tim.o(.text)
    TIM_SelectHallSensor                     0x0800b04f   Thumb Code   108  stm32f4xx_tim.o(.text)
    TIM_RemapConfig                          0x0800b0bb   Thumb Code   138  stm32f4xx_tim.o(.text)
    USART_DeInit                             0x0800b145   Thumb Code   202  stm32f4xx_usart.o(.text)
    USART_Init                               0x0800b20f   Thumb Code   456  stm32f4xx_usart.o(.text)
    USART_StructInit                         0x0800b3d7   Thumb Code    24  stm32f4xx_usart.o(.text)
    USART_ClockInit                          0x0800b3ef   Thumb Code   166  stm32f4xx_usart.o(.text)
    USART_ClockStructInit                    0x0800b495   Thumb Code    12  stm32f4xx_usart.o(.text)
    USART_Cmd                                0x0800b4a1   Thumb Code    96  stm32f4xx_usart.o(.text)
    USART_SetPrescaler                       0x0800b501   Thumb Code   102  stm32f4xx_usart.o(.text)
    USART_OverSampling8Cmd                   0x0800b567   Thumb Code    94  stm32f4xx_usart.o(.text)
    USART_OneBitMethodCmd                    0x0800b5c5   Thumb Code    96  stm32f4xx_usart.o(.text)
    USART_SendData                           0x0800b625   Thumb Code    80  stm32f4xx_usart.o(.text)
    USART_ReceiveData                        0x0800b675   Thumb Code    60  stm32f4xx_usart.o(.text)
    USART_SetAddress                         0x0800b6b1   Thumb Code    88  stm32f4xx_usart.o(.text)
    USART_ReceiverWakeUpCmd                  0x0800b709   Thumb Code    96  stm32f4xx_usart.o(.text)
    USART_WakeUpConfig                       0x0800b769   Thumb Code    92  stm32f4xx_usart.o(.text)
    USART_LINBreakDetectLengthConfig         0x0800b7c5   Thumb Code    90  stm32f4xx_usart.o(.text)
    USART_LINCmd                             0x0800b81f   Thumb Code    96  stm32f4xx_usart.o(.text)
    USART_SendBreak                          0x0800b87f   Thumb Code    62  stm32f4xx_usart.o(.text)
    USART_HalfDuplexCmd                      0x0800b8bd   Thumb Code    96  stm32f4xx_usart.o(.text)
    USART_SetGuardTime                       0x0800b91d   Thumb Code    86  stm32f4xx_usart.o(.text)
    USART_SmartCardCmd                       0x0800b973   Thumb Code    84  stm32f4xx_usart.o(.text)
    USART_SmartCardNACKCmd                   0x0800b9c7   Thumb Code    84  stm32f4xx_usart.o(.text)
    USART_IrDAConfig                         0x0800ba1b   Thumb Code    90  stm32f4xx_usart.o(.text)
    USART_IrDACmd                            0x0800ba75   Thumb Code    96  stm32f4xx_usart.o(.text)
    USART_DMACmd                             0x0800bad5   Thumb Code   114  stm32f4xx_usart.o(.text)
    USART_ITConfig                           0x0800bb47   Thumb Code   260  stm32f4xx_usart.o(.text)
    USART_GetFlagStatus                      0x0800bc4b   Thumb Code   170  stm32f4xx_usart.o(.text)
    USART_ClearFlag                          0x0800bcf5   Thumb Code   158  stm32f4xx_usart.o(.text)
    USART_GetITStatus                        0x0800bd93   Thumb Code   278  stm32f4xx_usart.o(.text)
    USART_ClearITPendingBit                  0x0800bea9   Thumb Code   164  stm32f4xx_usart.o(.text)
    __aeabi_dadd                             0x0800bf69   Thumb Code   322  dadd.o(.text)
    __aeabi_dsub                             0x0800c0ab   Thumb Code     6  dadd.o(.text)
    __aeabi_drsub                            0x0800c0b1   Thumb Code     6  dadd.o(.text)
    __aeabi_dmul                             0x0800c0b7   Thumb Code   228  dmul.o(.text)
    __aeabi_i2d                              0x0800c19b   Thumb Code    34  dflti.o(.text)
    __aeabi_cdcmpeq                          0x0800c1bd   Thumb Code     0  cdcmple.o(.text)
    __aeabi_cdcmple                          0x0800c1bd   Thumb Code    48  cdcmple.o(.text)
    __aeabi_cdrcmple                         0x0800c1ed   Thumb Code    48  cdrcmple.o(.text)
    __aeabi_d2f                              0x0800c21d   Thumb Code    56  d2f.o(.text)
    __aeabi_llsl                             0x0800c255   Thumb Code    30  llshl.o(.text)
    _ll_shift_l                              0x0800c255   Thumb Code     0  llshl.o(.text)
    __aeabi_lasr                             0x0800c273   Thumb Code    36  llsshr.o(.text)
    _ll_sshift_r                             0x0800c273   Thumb Code     0  llsshr.o(.text)
    __I$use$fp                               0x0800c297   Thumb Code     0  iusefp.o(.text)
    _float_round                             0x0800c297   Thumb Code    18  fepilogue.o(.text)
    _float_epilogue                          0x0800c2a9   Thumb Code    92  fepilogue.o(.text)
    _double_round                            0x0800c305   Thumb Code    30  depilogue.o(.text)
    _double_epilogue                         0x0800c323   Thumb Code   156  depilogue.o(.text)
    __scatterload                            0x0800c3c1   Thumb Code    28  init.o(.text)
    __scatterload_rt2                        0x0800c3c1   Thumb Code     0  init.o(.text)
    __aeabi_llsr                             0x0800c3e5   Thumb Code    32  llushr.o(.text)
    _ll_ushift_r                             0x0800c3e5   Thumb Code     0  llushr.o(.text)
    __decompress                             0x0800c405   Thumb Code     0  __dczerorl2.o(.text)
    __decompress1                            0x0800c405   Thumb Code    86  __dczerorl2.o(.text)
    __scatterload_copy                       0x0800c45b   Thumb Code    14  handlers.o(i.__scatterload_copy)
    __scatterload_null                       0x0800c469   Thumb Code     2  handlers.o(i.__scatterload_null)
    __scatterload_zeroinit                   0x0800c46b   Thumb Code    14  handlers.o(i.__scatterload_zeroinit)
    fast_atan_table                          0x0800c478   Data        1028  ano_math.o(.constdata)
    Region$$Table$$Base                      0x0800cb10   Number         0  anon$$obj.o(Region$$Table)
    Region$$Table$$Limit                     0x0800cb30   Number         0  anon$$obj.o(Region$$Table)
    fc_bat                                   0x20000060   Data           4  ano_lx.o(.data)
    sti_fun                                  0x20000078   Data           2  lx_fc_state.o(.data)
    pvt_receive_updata                       0x20000096   Data           1  drv_ubloxgps.o(.data)
    fre_test_cnt                             0x20000098   Data           2  drv_ubloxgps.o(.data)
    Period_Out_H                             0x2000009a   Data          14  drv_ubloxgps.o(.data)
    Period_Out_L                             0x200000a8   Data          14  drv_ubloxgps.o(.data)
    Pulse_Period                             0x200000b6   Data          28  drv_ubloxgps.o(.data)
    Baud115200                               0x200000d2   Data          28  drv_ubloxgps.o(.data)
    Save_Con                                 0x200000ee   Data          21  drv_ubloxgps.o(.data)
    POLLSH_SET                               0x20000103   Data          11  drv_ubloxgps.o(.data)
    SOL_SET                                  0x2000010e   Data          11  drv_ubloxgps.o(.data)
    VELNED_SET                               0x20000119   Data          11  drv_ubloxgps.o(.data)
    TIMEUTC_SET                              0x20000124   Data          11  drv_ubloxgps.o(.data)
    DOP_SET                                  0x2000012f   Data          11  drv_ubloxgps.o(.data)
    PVT_SET                                  0x2000013a   Data          11  drv_ubloxgps.o(.data)
    pvt_recerve_ok_cnt                       0x2000014a   Data           1  drv_ubloxgps.o(.data)
    led                                      0x20000158   Data           4  drv_led.o(.data)
    Tx1Counter                               0x20000168   Data           1  drv_uart.o(.data)
    count1                                   0x20000169   Data           1  drv_uart.o(.data)
    U1RxInCnt                                0x2000016a   Data           1  drv_uart.o(.data)
    U1RxoutCnt                               0x2000016b   Data           1  drv_uart.o(.data)
    TxCounter                                0x2000016c   Data           1  drv_uart.o(.data)
    count                                    0x2000016d   Data           1  drv_uart.o(.data)
    U2RxInCnt                                0x2000016e   Data           1  drv_uart.o(.data)
    U2RxoutCnt                               0x2000016f   Data           1  drv_uart.o(.data)
    Tx3Counter                               0x20000170   Data           1  drv_uart.o(.data)
    count3                                   0x20000171   Data           1  drv_uart.o(.data)
    U3RxInCnt                                0x20000172   Data           1  drv_uart.o(.data)
    U3RxoutCnt                               0x20000173   Data           1  drv_uart.o(.data)
    Tx4Counter                               0x20000174   Data           1  drv_uart.o(.data)
    count4                                   0x20000175   Data           1  drv_uart.o(.data)
    U4RxInCnt                                0x20000176   Data           1  drv_uart.o(.data)
    U4RxoutCnt                               0x20000177   Data           1  drv_uart.o(.data)
    Tx5Counter                               0x20000178   Data           1  drv_uart.o(.data)
    count5                                   0x20000179   Data           1  drv_uart.o(.data)
    U5RxInCnt                                0x2000017a   Data           1  drv_uart.o(.data)
    U5RxoutCnt                               0x2000017b   Data           1  drv_uart.o(.data)
    SystemCoreClock                          0x2000017c   Data           4  system_stm32f4xx.o(.data)
    AHBPrescTable                            0x20000180   Data          16  system_stm32f4xx.o(.data)
    send_buffer                              0x200001a0   Data          50  ano_dt_lx.o(.bss)
    dt                                       0x200001d4   Data        1564  ano_dt_lx.o(.bss)
    rt_tar                                   0x200008f0   Data          14  ano_lx.o(.bss)
    pwm_to_esc                               0x200008fe   Data          16  ano_lx.o(.bss)
    ext_sens                                 0x2000091e   Data          48  lx_fc_ext_sensor.o(.bss)
    fc_sta                                   0x2000094e   Data          11  lx_fc_state.o(.bss)
    rc_in                                    0x2000095a   Data          82  drv_bsp.o(.bss)
    ano_of                                   0x200009c8   Data          60  drv_anoof.o(.bss)
    ubx                                      0x20000a44   Data         100  drv_ubloxgps.o(.bss)
    AdcValue                                 0x20000aa8   Data         100  drv_adc.o(.bss)
    Tx1Buffer                                0x20000b0c   Data         256  drv_uart.o(.bss)
    U1RxDataTmp                              0x20000c0c   Data         100  drv_uart.o(.bss)
    TxBuffer                                 0x20000c70   Data         256  drv_uart.o(.bss)
    U2RxDataTmp                              0x20000d70   Data         100  drv_uart.o(.bss)
    Tx3Buffer                                0x20000dd4   Data         256  drv_uart.o(.bss)
    U3RxDataTmp                              0x20000ed4   Data         100  drv_uart.o(.bss)
    Tx4Buffer                                0x20000f38   Data         256  drv_uart.o(.bss)
    U4RxDataTmp                              0x20001038   Data         100  drv_uart.o(.bss)
    Tx5Buffer                                0x2000109c   Data         256  drv_uart.o(.bss)
    U5RxDataTmp                              0x2000119c   Data         100  drv_uart.o(.bss)
    __initial_sp                             0x20001a00   Data           0  startup_stm32f4xx.o(STACK)



==============================================================================

Memory Map of the image

  Image Entry point : 0x08000189

  Load Region LR_IROM1 (Base: 0x08000000, Size: 0x0000ccd0, Max: 0x00100000, ABSOLUTE, COMPRESSED[0x0000cbdc])

    Execution Region ER_IROM1 (Exec base: 0x08000000, Load base: 0x08000000, Size: 0x0000cb30, Max: 0x00100000, ABSOLUTE)

    Exec Addr    Load Addr    Size         Type   Attr      Idx    E Section Name        Object

    0x08000000   0x08000000   0x00000188   Data   RO          581    RESET               startup_stm32f4xx.o
    0x08000188   0x08000188   0x00000000   Code   RO          780  * .ARM.Collect$$$$00000000  mc_w.l(entry.o)
    0x08000188   0x08000188   0x00000004   Code   RO          795    .ARM.Collect$$$$00000001  mc_w.l(entry2.o)
    0x0800018c   0x0800018c   0x00000004   Code   RO          798    .ARM.Collect$$$$00000004  mc_w.l(entry5.o)
    0x08000190   0x08000190   0x00000000   Code   RO          800    .ARM.Collect$$$$00000008  mc_w.l(entry7b.o)
    0x08000190   0x08000190   0x00000000   Code   RO          802    .ARM.Collect$$$$0000000A  mc_w.l(entry8b.o)
    0x08000190   0x08000190   0x00000008   Code   RO          803    .ARM.Collect$$$$0000000B  mc_w.l(entry9a.o)
    0x08000198   0x08000198   0x00000000   Code   RO          805    .ARM.Collect$$$$0000000D  mc_w.l(entry10a.o)
    0x08000198   0x08000198   0x00000000   Code   RO          807    .ARM.Collect$$$$0000000F  mc_w.l(entry11a.o)
    0x08000198   0x08000198   0x00000004   Code   RO          796    .ARM.Collect$$$$00002712  mc_w.l(entry2.o)
    0x0800019c   0x0800019c   0x00000014   Code   RO            2    .text               main.o
    0x080001b0   0x080001b0   0x000000b8   Code   RO          118    .text               ano_scheduler.o
    0x08000268   0x08000268   0x0000020c   Code   RO          139    .text               user_task.o
    0x08000474   0x08000474   0x00000734   Code   RO          162    .text               ano_dt_lx.o
    0x08000ba8   0x08000ba8   0x000004e4   Code   RO          201    .text               ano_lx.o
    0x0800108c   0x0800108c   0x000000e4   Code   RO          245    .text               lx_fc_ext_sensor.o
    0x08001170   0x08001170   0x0000029c   Code   RO          268    .text               lx_fc_fun.o
    0x0800140c   0x0800140c   0x00000284   Code   RO          285    .text               lx_fc_state.o
    0x08001690   0x08001690   0x00000040   Code   RO          308    .text               user_tj.o
    0x080016d0   0x080016d0   0x000004cc   Code   RO          330    .text               drv_bsp.o
    0x08001b9c   0x08001b9c   0x0000087c   Code   RO          356    .text               ano_math.o
    0x08002418   0x08002418   0x00000340   Code   RO          378    .text               drv_anoof.o
    0x08002758   0x08002758   0x000003a8   Code   RO          401    .text               drv_ubloxgps.o
    0x08002b00   0x08002b00   0x0000007c   Code   RO          421    .text               stm32f4xx_it.o
    0x08002b7c   0x08002b7c   0x00000108   Code   RO          437    .text               drv_sys.o
    0x08002c84   0x08002c84   0x00000194   Code   RO          462    .text               drv_adc.o
    0x08002e18   0x08002e18   0x0000011c   Code   RO          481    .text               drv_led.o
    0x08002f34   0x08002f34   0x00000380   Code   RO          503    .text               drv_pwmout.o
    0x080032b4   0x080032b4   0x000001e4   Code   RO          519    .text               drv_rcin.o
    0x08003498   0x08003498   0x0000008c   Code   RO          536    .text               drv_timer.o
    0x08003524   0x08003524   0x00000a64   Code   RO          556    .text               drv_uart.o
    0x08003f88   0x08003f88   0x00000024   Code   RO          582    .text               startup_stm32f4xx.o
    0x08003fac   0x08003fac   0x00000210   Code   RO          587    .text               system_stm32f4xx.o
    0x080041bc   0x080041bc   0x000001c0   Code   RO          609    .text               misc.o
    0x0800437c   0x0800437c   0x00000fdc   Code   RO          626    .text               stm32f4xx_adc.o
    0x08005358   0x08005358   0x00001368   Code   RO          643    .text               stm32f4xx_dma.o
    0x080066c0   0x080066c0   0x000002d4   Code   RO          660    .text               stm32f4xx_exti.o
    0x08006994   0x08006994   0x000008c8   Code   RO          694    .text               stm32f4xx_gpio.o
    0x0800725c   0x0800725c   0x00000cfc   Code   RO          711    .text               stm32f4xx_rcc.o
    0x08007f58   0x08007f58   0x000031ec   Code   RO          747    .text               stm32f4xx_tim.o
    0x0800b144   0x0800b144   0x00000e24   Code   RO          764    .text               stm32f4xx_usart.o
    0x0800bf68   0x0800bf68   0x0000014e   Code   RO          783    .text               mf_w.l(dadd.o)
    0x0800c0b6   0x0800c0b6   0x000000e4   Code   RO          785    .text               mf_w.l(dmul.o)
    0x0800c19a   0x0800c19a   0x00000022   Code   RO          787    .text               mf_w.l(dflti.o)
    0x0800c1bc   0x0800c1bc   0x00000030   Code   RO          789    .text               mf_w.l(cdcmple.o)
    0x0800c1ec   0x0800c1ec   0x00000030   Code   RO          791    .text               mf_w.l(cdrcmple.o)
    0x0800c21c   0x0800c21c   0x00000038   Code   RO          793    .text               mf_w.l(d2f.o)
    0x0800c254   0x0800c254   0x0000001e   Code   RO          809    .text               mc_w.l(llshl.o)
    0x0800c272   0x0800c272   0x00000024   Code   RO          811    .text               mc_w.l(llsshr.o)
    0x0800c296   0x0800c296   0x00000000   Code   RO          813    .text               mc_w.l(iusefp.o)
    0x0800c296   0x0800c296   0x0000006e   Code   RO          814    .text               mf_w.l(fepilogue.o)
    0x0800c304   0x0800c304   0x000000ba   Code   RO          816    .text               mf_w.l(depilogue.o)
    0x0800c3be   0x0800c3be   0x00000002   PAD
    0x0800c3c0   0x0800c3c0   0x00000024   Code   RO          818    .text               mc_w.l(init.o)
    0x0800c3e4   0x0800c3e4   0x00000020   Code   RO          820    .text               mc_w.l(llushr.o)
    0x0800c404   0x0800c404   0x00000056   Code   RO          830    .text               mc_w.l(__dczerorl2.o)
    0x0800c45a   0x0800c45a   0x0000000e   Code   RO          824    i.__scatterload_copy  mc_w.l(handlers.o)
    0x0800c468   0x0800c468   0x00000002   Code   RO          825    i.__scatterload_null  mc_w.l(handlers.o)
    0x0800c46a   0x0800c46a   0x0000000e   Code   RO          826    i.__scatterload_zeroinit  mc_w.l(handlers.o)
    0x0800c478   0x0800c478   0x00000404   Data   RO          357    .constdata          ano_math.o
    0x0800c87c   0x0800c87c   0x00000048   Data   RO          610    .conststring        misc.o
    0x0800c8c4   0x0800c8c4   0x00000051   Data   RO          627    .conststring        stm32f4xx_adc.o
    0x0800c915   0x0800c915   0x00000003   PAD
    0x0800c918   0x0800c918   0x00000051   Data   RO          644    .conststring        stm32f4xx_dma.o
    0x0800c969   0x0800c969   0x00000003   PAD
    0x0800c96c   0x0800c96c   0x00000052   Data   RO          661    .conststring        stm32f4xx_exti.o
    0x0800c9be   0x0800c9be   0x00000002   PAD
    0x0800c9c0   0x0800c9c0   0x00000052   Data   RO          695    .conststring        stm32f4xx_gpio.o
    0x0800ca12   0x0800ca12   0x00000002   PAD
    0x0800ca14   0x0800ca14   0x00000051   Data   RO          712    .conststring        stm32f4xx_rcc.o
    0x0800ca65   0x0800ca65   0x00000003   PAD
    0x0800ca68   0x0800ca68   0x00000051   Data   RO          748    .conststring        stm32f4xx_tim.o
    0x0800cab9   0x0800cab9   0x00000003   PAD
    0x0800cabc   0x0800cabc   0x00000053   Data   RO          765    .conststring        stm32f4xx_usart.o
    0x0800cb0f   0x0800cb0f   0x00000001   PAD
    0x0800cb10   0x0800cb10   0x00000020   Data   RO          822    Region$$Table       anon$$obj.o


    Execution Region RW_IRAM1 (Exec base: 0x20000000, Load base: 0x0800cb30, Size: 0x00001a00, Max: 0x00020000, ABSOLUTE, COMPRESSED[0x000000ac])

    Exec Addr    Load Addr    Size         Type   Attr      Idx    E Section Name        Object

    0x20000000   COMPRESSED   0x00000054   Data   RW          119    .data               ano_scheduler.o
    0x20000054   COMPRESSED   0x00000006   Data   RW          140    .data               user_task.o
    0x2000005a   COMPRESSED   0x00000006   Data   RW          164    .data               ano_dt_lx.o
    0x20000060   COMPRESSED   0x00000012   Data   RW          203    .data               ano_lx.o
    0x20000072   COMPRESSED   0x00000004   Data   RW          247    .data               lx_fc_ext_sensor.o
    0x20000076   COMPRESSED   0x00000001   Data   RW          269    .data               lx_fc_fun.o
    0x20000077   COMPRESSED   0x00000001   PAD
    0x20000078   COMPRESSED   0x00000006   Data   RW          287    .data               lx_fc_state.o
    0x2000007e   COMPRESSED   0x00000002   PAD
    0x20000080   COMPRESSED   0x00000012   Data   RW          332    .data               drv_bsp.o
    0x20000092   COMPRESSED   0x00000003   Data   RW          380    .data               drv_anoof.o
    0x20000095   COMPRESSED   0x00000001   PAD
    0x20000096   COMPRESSED   0x000000b6   Data   RW          403    .data               drv_ubloxgps.o
    0x2000014c   COMPRESSED   0x00000004   PAD
    0x20000150   COMPRESSED   0x00000008   Data   RW          438    .data               drv_sys.o
    0x20000158   COMPRESSED   0x0000000c   Data   RW          482    .data               drv_led.o
    0x20000164   COMPRESSED   0x00000004   Data   RW          520    .data               drv_rcin.o
    0x20000168   COMPRESSED   0x00000014   Data   RW          558    .data               drv_uart.o
    0x2000017c   COMPRESSED   0x00000014   Data   RW          588    .data               system_stm32f4xx.o
    0x20000190   COMPRESSED   0x00000010   Data   RW          713    .data               stm32f4xx_rcc.o
    0x200001a0        -       0x00000750   Zero   RW          163    .bss                ano_dt_lx.o
    0x200008f0        -       0x0000002e   Zero   RW          202    .bss                ano_lx.o
    0x2000091e        -       0x00000030   Zero   RW          246    .bss                lx_fc_ext_sensor.o
    0x2000094e        -       0x0000000b   Zero   RW          286    .bss                lx_fc_state.o
    0x20000959   COMPRESSED   0x00000001   PAD
    0x2000095a        -       0x0000006b   Zero   RW          331    .bss                drv_bsp.o
    0x200009c5   COMPRESSED   0x00000003   PAD
    0x200009c8        -       0x0000007c   Zero   RW          379    .bss                drv_anoof.o
    0x20000a44        -       0x00000064   Zero   RW          402    .bss                drv_ubloxgps.o
    0x20000aa8        -       0x00000064   Zero   RW          463    .bss                drv_adc.o
    0x20000b0c        -       0x000006f4   Zero   RW          557    .bss                drv_uart.o
    0x20001200        -       0x00000800   Zero   RW          579    STACK               startup_stm32f4xx.o


==============================================================================

Image component sizes


      Code (inc. data)   RO Data    RW Data    ZI Data      Debug   Object Name

      1844         78          0          6       1872       6162   ano_dt_lx.o
      1252        104          0         18         46       5009   ano_lx.o
      2172        142       1028          0          0       7898   ano_math.o
       184          6          0         84          0       2096   ano_scheduler.o
       404         36          0          0        100       2021   drv_adc.o
       832         36          0          3        124       3266   drv_anoof.o
      1228         56          0         18        107       3678   drv_bsp.o
       284         12          0         12          0       2650   drv_led.o
       896         38          0          0          0       1915   drv_pwmout.o
       484         20          0          4          0       1496   drv_rcin.o
       264         12          0          8          0      20473   drv_sys.o
       140          4          0          0          0        971   drv_timer.o
      2660        176          0         20       1780       9159   drv_uart.o
       936         82          0        182        100       3551   drv_ubloxgps.o
       228         30          0          4         48       2803   lx_fc_ext_sensor.o
       668         12          0          1          0       2780   lx_fc_fun.o
       644         30          0          6         11       2171   lx_fc_state.o
        20          0          0          0          0     299580   main.o
       448         30         72          0          0       2377   misc.o
        36          8        392          0       2048       1000   startup_stm32f4xx.o
      4060        104         81          0          0      13690   stm32f4xx_adc.o
      4968        316         81          0          0       9309   stm32f4xx_dma.o
       724         14         82          0          0       3055   stm32f4xx_exti.o
      2248         86         82          0          0       5757   stm32f4xx_gpio.o
       124          4          0          0          0       2374   stm32f4xx_it.o
      3324        218         81         16          0      13943   stm32f4xx_rcc.o
     12780        628         81          0          0      31552   stm32f4xx_tim.o
      3620        116         83          0          0      10424   stm32f4xx_usart.o
       528         46          0         20          0       2339   system_stm32f4xx.o
       524         40          0          6          0        985   user_task.o
        64         10          0          0          0        538   user_tj.o

    ----------------------------------------------------------------------
     48588       2494       2112        416       6240     475022   Object Totals
         0          0         32          0          0          0   (incl. Generated)
         0          0         17          8          4          0   (incl. Padding)

    ----------------------------------------------------------------------

      Code (inc. data)   RO Data    RW Data    ZI Data      Debug   Library Member Name

        86          0          0          0          0          0   __dczerorl2.o
         0          0          0          0          0          0   entry.o
         0          0          0          0          0          0   entry10a.o
         0          0          0          0          0          0   entry11a.o
         8          4          0          0          0          0   entry2.o
         4          0          0          0          0          0   entry5.o
         0          0          0          0          0          0   entry7b.o
         0          0          0          0          0          0   entry8b.o
         8          4          0          0          0          0   entry9a.o
        30          0          0          0          0          0   handlers.o
        36          8          0          0          0         68   init.o
         0          0          0          0          0          0   iusefp.o
        30          0          0          0          0         68   llshl.o
        36          0          0          0          0         68   llsshr.o
        32          0          0          0          0         68   llushr.o
        48          0          0          0          0         68   cdcmple.o
        48          0          0          0          0         68   cdrcmple.o
        56          0          0          0          0         88   d2f.o
       334          0          0          0          0        148   dadd.o
       186          0          0          0          0        176   depilogue.o
        34          0          0          0          0         76   dflti.o
       228          0          0          0          0         96   dmul.o
       110          0          0          0          0        168   fepilogue.o

    ----------------------------------------------------------------------
      1316         16          0          0          0       1160   Library Totals
         2          0          0          0          0          0   (incl. Padding)

    ----------------------------------------------------------------------

      Code (inc. data)   RO Data    RW Data    ZI Data      Debug   Library Name

       270         16          0          0          0        272   mc_w.l
      1044          0          0          0          0        888   mf_w.l

    ----------------------------------------------------------------------
      1316         16          0          0          0       1160   Library Totals

    ----------------------------------------------------------------------

==============================================================================


      Code (inc. data)   RO Data    RW Data    ZI Data      Debug   

     49904       2510       2112        416       6240     470846   Grand Totals
     49904       2510       2112        172       6240     470846   ELF Image Totals (compressed)
     49904       2510       2112        172          0          0   ROM Totals

==============================================================================

    Total RO  Size (Code + RO Data)                52016 (  50.80kB)
    Total RW  Size (RW Data + ZI Data)              6656 (   6.50kB)
    Total ROM Size (Code + RO Data + RW Data)      52188 (  50.96kB)

==============================================================================

